main.c:95:6:delay	2
main.c:100:6:SetPin	1
main.c:105:6:ResetPin	1
main.c:110:6:stepper_wave_drive	5
main.c:142:6:stepper_wave_drive1	5
main.c:174:6:stepper_set_rpm	1
main.c:179:6:stepper_step_angle	6
main.c:206:6:stepper_step_angle1	6
main.c:236:6:Stepper_rotate	3
main.c:284:5:main	9
main.c:395:6:SystemClock_Config	4
main.c:442:13:MX_ADC1_Init	5
main.c:507:13:MX_I2C2_Init	2
main.c:541:13:MX_TIM1_Init	4
main.c:587:13:MX_USART1_UART_Init	2
main.c:620:13:MX_GPIO_Init	1
main.c:659:6:Error_Handler	1
