../Core/Src/main.c:94:6:delay	16	static
../Core/Src/main.c:99:6:SetPin	16	static
../Core/Src/main.c:104:6:ResetPin	16	static
../Core/Src/main.c:109:6:stepper_wave_drive	16	static
../Core/Src/main.c:141:6:stepper_wave_drive1	16	static
../Core/Src/main.c:173:6:stepper_set_rpm	16	static
../Core/Src/main.c:178:6:stepper_step_angle	48	static
../Core/Src/main.c:205:6:stepper_step_angle1	48	static
../Core/Src/main.c:235:6:Stepper_rotate	24	static
../Core/Src/main.c:267:6:HAL_UART_RxCpltCallback	16	static
../Core/Src/main.c:282:5:main	16	static
../Core/Src/main.c:399:6:SystemClock_Config	88	static
../Core/Src/main.c:446:13:MX_ADC1_Init	24	static
../Core/Src/main.c:511:13:MX_I2C2_Init	8	static
../Core/Src/main.c:545:13:MX_TIM1_Init	32	static
../Core/Src/main.c:591:13:MX_USART1_UART_Init	8	static
../Core/Src/main.c:624:13:MX_GPIO_Init	40	static
../Core/Src/main.c:663:6:Error_Handler	4	static,ignoring_inline_asm
