../Core/Src/main.c:95:6:delay	16	static
../Core/Src/main.c:100:6:SetPin	16	static
../Core/Src/main.c:105:6:ResetPin	16	static
../Core/Src/main.c:110:6:stepper_wave_drive	16	static
../Core/Src/main.c:142:6:stepper_wave_drive1	16	static
../Core/Src/main.c:174:6:stepper_set_rpm	16	static
../Core/Src/main.c:179:6:stepper_step_angle	48	static
../Core/Src/main.c:206:6:stepper_step_angle1	48	static
../Core/Src/main.c:236:6:Stepper_rotate	24	static
../Core/Src/main.c:284:5:main	16	static
../Core/Src/main.c:395:6:SystemClock_Config	88	static
../Core/Src/main.c:442:13:MX_ADC1_Init	24	static
../Core/Src/main.c:507:13:MX_I2C2_Init	8	static
../Core/Src/main.c:541:13:MX_TIM1_Init	32	static
../Core/Src/main.c:587:13:MX_USART1_UART_Init	8	static
../Core/Src/main.c:620:13:MX_GPIO_Init	40	static
../Core/Src/main.c:659:6:Error_Handler	4	static,ignoring_inline_asm
