Archive member included to satisfy reference by file (symbol)

c:/st/stm32cubeide_1.10.1/stm32cubeide/plugins/com.st.stm32cube.ide.mcu.externaltools.gnu-tools-for-stm32.10.3-2021.10.win32_1.0.200.202301161003/tools/bin/../lib/gcc/arm-none-eabi/10.3.1/../../../../arm-none-eabi/lib/thumb/v7-m/nofp\libc_nano.a(lib_a-errno.o)
                              ./Core/Src/syscalls.o (__errno)
c:/st/stm32cubeide_1.10.1/stm32cubeide/plugins/com.st.stm32cube.ide.mcu.externaltools.gnu-tools-for-stm32.10.3-2021.10.win32_1.0.200.202301161003/tools/bin/../lib/gcc/arm-none-eabi/10.3.1/../../../../arm-none-eabi/lib/thumb/v7-m/nofp\libc_nano.a(lib_a-exit.o)
                              c:/st/stm32cubeide_1.10.1/stm32cubeide/plugins/com.st.stm32cube.ide.mcu.externaltools.gnu-tools-for-stm32.10.3-2021.10.win32_1.0.200.202301161003/tools/bin/../lib/gcc/arm-none-eabi/10.3.1/../../../../arm-none-eabi/lib/thumb/v7-m/nofp/crt0.o (exit)
c:/st/stm32cubeide_1.10.1/stm32cubeide/plugins/com.st.stm32cube.ide.mcu.externaltools.gnu-tools-for-stm32.10.3-2021.10.win32_1.0.200.202301161003/tools/bin/../lib/gcc/arm-none-eabi/10.3.1/../../../../arm-none-eabi/lib/thumb/v7-m/nofp\libc_nano.a(lib_a-impure.o)
                              c:/st/stm32cubeide_1.10.1/stm32cubeide/plugins/com.st.stm32cube.ide.mcu.externaltools.gnu-tools-for-stm32.10.3-2021.10.win32_1.0.200.202301161003/tools/bin/../lib/gcc/arm-none-eabi/10.3.1/../../../../arm-none-eabi/lib/thumb/v7-m/nofp\libc_nano.a(lib_a-exit.o) (_global_impure_ptr)
c:/st/stm32cubeide_1.10.1/stm32cubeide/plugins/com.st.stm32cube.ide.mcu.externaltools.gnu-tools-for-stm32.10.3-2021.10.win32_1.0.200.202301161003/tools/bin/../lib/gcc/arm-none-eabi/10.3.1/../../../../arm-none-eabi/lib/thumb/v7-m/nofp\libc_nano.a(lib_a-init.o)
                              c:/st/stm32cubeide_1.10.1/stm32cubeide/plugins/com.st.stm32cube.ide.mcu.externaltools.gnu-tools-for-stm32.10.3-2021.10.win32_1.0.200.202301161003/tools/bin/../lib/gcc/arm-none-eabi/10.3.1/../../../../arm-none-eabi/lib/thumb/v7-m/nofp/crt0.o (__libc_init_array)
c:/st/stm32cubeide_1.10.1/stm32cubeide/plugins/com.st.stm32cube.ide.mcu.externaltools.gnu-tools-for-stm32.10.3-2021.10.win32_1.0.200.202301161003/tools/bin/../lib/gcc/arm-none-eabi/10.3.1/../../../../arm-none-eabi/lib/thumb/v7-m/nofp\libc_nano.a(lib_a-memset.o)
                              c:/st/stm32cubeide_1.10.1/stm32cubeide/plugins/com.st.stm32cube.ide.mcu.externaltools.gnu-tools-for-stm32.10.3-2021.10.win32_1.0.200.202301161003/tools/bin/../lib/gcc/arm-none-eabi/10.3.1/../../../../arm-none-eabi/lib/thumb/v7-m/nofp/crt0.o (memset)
c:/st/stm32cubeide_1.10.1/stm32cubeide/plugins/com.st.stm32cube.ide.mcu.externaltools.gnu-tools-for-stm32.10.3-2021.10.win32_1.0.200.202301161003/tools/bin/../lib/gcc/arm-none-eabi/10.3.1/../../../../arm-none-eabi/lib/thumb/v7-m/nofp\libc_nano.a(lib_a-sprintf.o)
                              ./Core/Src/ESPDataLogger.o (sprintf)
c:/st/stm32cubeide_1.10.1/stm32cubeide/plugins/com.st.stm32cube.ide.mcu.externaltools.gnu-tools-for-stm32.10.3-2021.10.win32_1.0.200.202301161003/tools/bin/../lib/gcc/arm-none-eabi/10.3.1/../../../../arm-none-eabi/lib/thumb/v7-m/nofp\libc_nano.a(lib_a-strcat.o)
                              ./Core/Src/ESPDataLogger.o (strcat)
c:/st/stm32cubeide_1.10.1/stm32cubeide/plugins/com.st.stm32cube.ide.mcu.externaltools.gnu-tools-for-stm32.10.3-2021.10.win32_1.0.200.202301161003/tools/bin/../lib/gcc/arm-none-eabi/10.3.1/../../../../arm-none-eabi/lib/thumb/v7-m/nofp\libc_nano.a(lib_a-strlen.o)
                              ./Core/Src/ESPDataLogger.o (strlen)
c:/st/stm32cubeide_1.10.1/stm32cubeide/plugins/com.st.stm32cube.ide.mcu.externaltools.gnu-tools-for-stm32.10.3-2021.10.win32_1.0.200.202301161003/tools/bin/../lib/gcc/arm-none-eabi/10.3.1/../../../../arm-none-eabi/lib/thumb/v7-m/nofp\libc_nano.a(lib_a-nano-svfprintf.o)
                              c:/st/stm32cubeide_1.10.1/stm32cubeide/plugins/com.st.stm32cube.ide.mcu.externaltools.gnu-tools-for-stm32.10.3-2021.10.win32_1.0.200.202301161003/tools/bin/../lib/gcc/arm-none-eabi/10.3.1/../../../../arm-none-eabi/lib/thumb/v7-m/nofp\libc_nano.a(lib_a-sprintf.o) (_svfprintf_r)
c:/st/stm32cubeide_1.10.1/stm32cubeide/plugins/com.st.stm32cube.ide.mcu.externaltools.gnu-tools-for-stm32.10.3-2021.10.win32_1.0.200.202301161003/tools/bin/../lib/gcc/arm-none-eabi/10.3.1/../../../../arm-none-eabi/lib/thumb/v7-m/nofp\libc_nano.a(lib_a-nano-vfprintf_i.o)
                              c:/st/stm32cubeide_1.10.1/stm32cubeide/plugins/com.st.stm32cube.ide.mcu.externaltools.gnu-tools-for-stm32.10.3-2021.10.win32_1.0.200.202301161003/tools/bin/../lib/gcc/arm-none-eabi/10.3.1/../../../../arm-none-eabi/lib/thumb/v7-m/nofp\libc_nano.a(lib_a-nano-svfprintf.o) (_printf_i)
[...]
Memory Configuration

Name             Origin             Length             Attributes
RAM              0x0000000020000000 0x0000000000005000 xrw
FLASH            0x0000000008000000 0x0000000000010000 xr
*default*        0x0000000000000000 0xffffffffffffffff

Linker script and memory map

LOAD c:/st/stm32cubeide_1.10.1/stm32cubeide/plugins/com.st.stm32cube.ide.mcu.externaltools.gnu-tools-for-stm32.10.3-2021.10.win32_1.0.200.202301161003/tools/bin/../lib/gcc/arm-none-eabi/10.3.1/thumb/v7-m/nofp/crti.o
LOAD c:/st/stm32cubeide_1.10.1/stm32cubeide/plugins/com.st.stm32cube.ide.mcu.externaltools.gnu-tools-for-stm32.10.3-2021.10.win32_1.0.200.202301161003/tools/bin/../lib/gcc/arm-none-eabi/10.3.1/thumb/v7-m/nofp/crtbegin.o
LOAD c:/st/stm32cubeide_1.10.1/stm32cubeide/plugins/com.st.stm32cube.ide.mcu.externaltools.gnu-tools-for-stm32.10.3-2021.10.win32_1.0.200.202301161003/tools/bin/../lib/gcc/arm-none-eabi/10.3.1/../../../../arm-none-eabi/lib/thumb/v7-m/nofp/crt0.o
LOAD ./Core/Src/ESPDataLogger.o
LOAD ./Core/Src/UartRingbuffer.o
LOAD ./Core/Src/delay.o
LOAD ./Core/Src/i2c-lcd.o
LOAD ./Core/Src/main.o
LOAD ./Core/Src/stepmoter.o
LOAD ./Core/Src/stm32f1xx_hal_msp.o
LOAD ./Core/Src/stm32f1xx_it.o
LOAD ./Core/Src/syscalls.o
LOAD ./Core/Src/sysmem.o
LOAD ./Core/Src/system_stm32f1xx.o
LOAD ./Core/Startup/startup_stm32f103c8tx.o
LOAD ./Drivers/STM32F1xx_HAL_Driver/Src/stm32f1xx_hal.o
LOAD ./Drivers/STM32F1xx_HAL_Driver/Src/stm32f1xx_hal_adc.o
LOAD ./Drivers/STM32F1xx_HAL_Driver/Src/stm32f1xx_hal_adc_ex.o
LOAD ./Drivers/STM32F1xx_HAL_Driver/Src/stm32f1xx_hal_cortex.o
LOAD ./Drivers/STM32F1xx_HAL_Driver/Src/stm32f1xx_hal_dma.o
LOAD ./Drivers/STM32F1xx_HAL_Driver/Src/stm32f1xx_hal_exti.o
LOAD ./Drivers/STM32F1xx_HAL_Driver/Src/stm32f1xx_hal_flash.o
LOAD ./Drivers/STM32F1xx_HAL_Driver/Src/stm32f1xx_hal_flash_ex.o
LOAD ./Drivers/STM32F1xx_HAL_Driver/Src/stm32f1xx_hal_gpio.o
LOAD ./Drivers/STM32F1xx_HAL_Driver/Src/stm32f1xx_hal_gpio_ex.o
LOAD ./Drivers/STM32F1xx_HAL_Driver/Src/stm32f1xx_hal_i2c.o
LOAD ./Drivers/STM32F1xx_HAL_Driver/Src/stm32f1xx_hal_pwr.o
LOAD ./Drivers/STM32F1xx_HAL_Driver/Src/stm32f1xx_hal_rcc.o
LOAD ./Drivers/STM32F1xx_HAL_Driver/Src/stm32f1xx_hal_rcc_ex.o
LOAD ./Drivers/STM32F1xx_HAL_Driver/Src/stm32f1xx_hal_tim.o
LOAD ./Drivers/STM32F1xx_HAL_Driver/Src/stm32f1xx_hal_tim_ex.o
LOAD ./Drivers/STM32F1xx_HAL_Driver/Src/stm32f1xx_hal_uart.o
START GROUP
LOAD c:/st/stm32cubeide_1.10.1/stm32cubeide/plugins/com.st.stm32cube.ide.mcu.externaltools.gnu-tools-for-stm32.10.3-2021.10.win32_1.0.200.202301161003/tools/bin/../lib/gcc/arm-none-eabi/10.3.1/../../../../arm-none-eabi/lib/thumb/v7-m/nofp\libc_nano.a
LOAD c:/st/stm32cubeide_1.10.1/stm32cubeide/plugins/com.st.stm32cube.ide.mcu.externaltools.gnu-tools-for-stm32.10.3-2021.10.win32_1.0.200.202301161003/tools/bin/../lib/gcc/arm-none-eabi/10.3.1/../../../../arm-none-eabi/lib/thumb/v7-m/nofp\libm.a
END GROUP
START GROUP
LOAD c:/st/stm32cubeide_1.10.1/stm32cubeide/plugins/com.st.stm32cube.ide.mcu.externaltools.gnu-tools-for-stm32.10.3-2021.10.win32_1.0.200.202301161003/tools/bin/../lib/gcc/arm-none-eabi/10.3.1/thumb/v7-m/nofp\libgcc.a
LOAD c:/st/stm32cubeide_1.10.1/stm32cubeide/plugins/com.st.stm32cube.ide.mcu.externaltools.gnu-tools-for-stm32.10.3-2021.10.win32_1.0.200.202301161003/tools/bin/../lib/gcc/arm-none-eabi/10.3.1/../../../../arm-none-eabi/lib/thumb/v7-m/nofp\libc_nano.a
END GROUP
START GROUP
LOAD c:/st/stm32cubeide_1.10.1/stm32cubeide/plugins/com.st.stm32cube.ide.mcu.externaltools.gnu-tools-for-stm32.10.3-2021.10.win32_1.0.200.202301161003/tools/bin/../lib/gcc/arm-none-eabi/10.3.1/thumb/v7-m/nofp\libgcc.a
LOAD c:/st/stm32cubeide_1.10.1/stm32cubeide/plugins/com.st.stm32cube.ide.mcu.externaltools.gnu-tools-for-stm32.10.3-2021.10.win32_1.0.200.202301161003/tools/bin/../lib/gcc/arm-none-eabi/10.3.1/../../../../arm-none-eabi/lib/thumb/v7-m/nofp\libc_nano.a
LOAD c:/st/stm32cubeide_1.10.1/stm32cubeide/plugins/com.st.stm32cube.ide.mcu.externaltools.gnu-tools-for-stm32.10.3-2021.10.win32_1.0.200.202301161003/tools/bin/../lib/gcc/arm-none-eabi/10.3.1/../../../../arm-none-eabi/lib/thumb/v7-m/nofp\libnosys.a
END GROUP
START GROUP
LOAD c:/st/stm32cubeide_1.10.1/stm32cubeide/plugins/com.st.stm32cube.ide.mcu.externaltools.gnu-tools-for-stm32.10.3-2021.10.win32_1.0.200.202301161003/tools/bin/../lib/gcc/arm-none-eabi/10.3.1/thumb/v7-m/nofp\libgcc.a
LOAD c:/st/stm32cubeide_1.10.1/stm32cubeide/plugins/com.st.stm32cube.ide.mcu.externaltools.gnu-tools-for-stm32.10.3-2021.10.win32_1.0.200.202301161003/tools/bin/../lib/gcc/arm-none-eabi/10.3.1/../../../../arm-none-eabi/lib/thumb/v7-m/nofp\libc_nano.a
LOAD c:/st/stm32cubeide_1.10.1/stm32cubeide/plugins/com.st.stm32cube.ide.mcu.externaltools.gnu-tools-for-stm32.10.3-2021.10.win32_1.0.200.202301161003/tools/bin/../lib/gcc/arm-none-eabi/10.3.1/../../../../arm-none-eabi/lib/thumb/v7-m/nofp\libnosys.a
END GROUP
LOAD c:/st/stm32cubeide_1.10.1/stm32cubeide/plugins/com.st.stm32cube.ide.mcu.externaltools.gnu-tools-for-stm32.10.3-2021.10.win32_1.0.200.202301161003/tools/bin/../lib/gcc/arm-none-eabi/10.3.1/thumb/v7-m/nofp/crtend.o
LOAD c:/st/stm32cubeide_1.10.1/stm32cubeide/plugins/com.st.stm32cube.ide.mcu.externaltools.gnu-tools-for-stm32.10.3-2021.10.win32_1.0.200.202301161003/tools/bin/../lib/gcc/arm-none-eabi/10.3.1/thumb/v7-m/nofp/crtn.o
                0x0000000020005000                _estack = (ORIGIN (RAM) + LENGTH (RAM))
                0x0000000000000200                _Min_Heap_Size = 0x200
                0x0000000000000400                _Min_Stack_Size = 0x400

.isr_vector     0x0000000008000000      0x10c
                0x0000000008000000                . = ALIGN (0x4)
 *(.isr_vector)
 .isr_vector    0x0000000008000000      0x10c ./Core/Startup/startup_stm32f103c8tx.o
                0x0000000008000000                g_pfnVectors
                0x000000000800010c                . = ALIGN (0x4)

.text           0x0000000008000110     0x5aac
                0x0000000008000110                . = ALIGN (0x4)
 *(.text)
 .text          0x0000000008000110       0x40 c:/st/stm32cubeide_1.10.1/stm32cubeide/plugins/com.st.stm32cube.ide.mcu.externaltools.gnu-tools-for-stm32.10.3-2021.10.win32_1.0.200.202301161003/tools/bin/../lib/gcc/arm-none-eabi/10.3.1/thumb/v7-m/nofp/crtbegin.o
 .text          0x0000000008000150       0x10 c:/st/stm32cubeide_1.10.1/stm32cubeide/plugins/com.st.stm32cube.ide.mcu.externaltools.gnu-tools-for-stm32.10.3-2021.10.win32_1.0.200.202301161003/tools/bin/../lib/gcc/arm-none-eabi/10.3.1/../../../../arm-none-eabi/lib/thumb/v7-m/nofp\libc_nano.a(lib_a-strlen.o)
                0x0000000008000150                strlen
 .text          0x0000000008000160      0x378 c:/st/stm32cubeide_1.10.1/stm32cubeide/plugins/com.st.stm32cube.ide.mcu.externaltools.gnu-tools-for-stm32.10.3-2021.10.win32_1.0.200.202301161003/tools/bin/../lib/gcc/arm-none-eabi/10.3.1/thumb/v7-m/nofp\libgcc.a(_arm_addsubdf3.o)
                0x0000000008000160                __aeabi_drsub
                0x0000000008000168                __aeabi_dsub
                0x0000000008000168                __subdf3
                0x000000000800016c                __aeabi_dadd
                0x000000000800016c                __adddf3
                0x00000000080003e4                __floatunsidf
                0x00000000080003e4                __aeabi_ui2d
                0x0000000008000404                __floatsidf
                0x0000000008000404                __aeabi_i2d
                0x0000000008000428                __aeabi_f2d
                0x0000000008000428                __extendsfdf2
                0x000000000800046c                __floatundidf
                0x000000000800046c                __aeabi_ul2d
                0x000000000800047c                __floatdidf
                0x000000000800047c                __aeabi_l2d
 .text          0x00000000080004d8      0x424 c:/st/stm32cubeide_1.10.1/stm32cubeide/plugins/com.st.stm32cube.ide.mcu.externaltools.gnu-tools-for-stm32.10.3-2021.10.win32_1.0.200.202301161003/tools/bin/../lib/gcc/arm-none-eabi/10.3.1/thumb/v7-m/nofp\libgcc.a(_arm_muldivdf3.o)
                0x00000000080004d8                __aeabi_dmul
                0x00000000080004d8                __muldf3
                0x000000000800072c                __divdf3
                0x000000000800072c                __aeabi_ddiv
 .text          0x00000000080008fc       0xa0 c:/st/stm32cubeide_1.10.1/stm32cubeide/plugins/com.st.stm32cube.ide.mcu.externaltools.gnu-tools-for-stm32.10.3-2021.10.win32_1.0.200.202301161003/tools/bin/../lib/gcc/arm-none-eabi/10.3.1/thumb/v7-m/nofp\libgcc.a(_arm_truncdfsf2.o)
                0x00000000080008fc                __truncdfsf2
                0x00000000080008fc                __aeabi_d2f
 .text          0x000000000800099c      0x21c c:/st/stm32cubeide_1.10.1/stm32cubeide/plugins/com.st.stm32cube.ide.mcu.externaltools.gnu-tools-for-stm32.10.3-2021.10.win32_1.0.200.202301161003/tools/bin/../lib/gcc/arm-none-eabi/10.3.1/thumb/v7-m/nofp\libgcc.a(_arm_addsubsf3.o)
                0x000000000800099c                __aeabi_frsub
                0x00000000080009a4                __subsf3
                0x00000000080009a4                __aeabi_fsub
                0x00000000080009a8                __aeabi_fadd
                0x00000000080009a8                __addsf3
                0x0000000008000b08                __aeabi_ui2f
                0x0000000008000b08                __floatunsisf
                0x0000000008000b10                __aeabi_i2f
                0x0000000008000b10                __floatsisf
                0x0000000008000b2c                __aeabi_ul2f
                0x0000000008000b2c                __floatundisf
                0x0000000008000b3c                __aeabi_l2f
                0x0000000008000b3c                __floatdisf
 .text          0x0000000008000bb8      0x2a0 c:/st/stm32cubeide_1.10.1/stm32cubeide/plugins/com.st.stm32cube.ide.mcu.externaltools.gnu-tools-for-stm32.10.3-2021.10.win32_1.0.200.202301161003/tools/bin/../lib/gcc/arm-none-eabi/10.3.1/thumb/v7-m/nofp\libgcc.a(_arm_muldivsf3.o)
                0x0000000008000bb8                __mulsf3
                0x0000000008000bb8                __aeabi_fmul
                0x0000000008000d20                __aeabi_fdiv
                0x0000000008000d20                __divsf3
 .text          0x0000000008000e58       0x4c c:/st/stm32cubeide_1.10.1/stm32cubeide/plugins/com.st.stm32cube.ide.mcu.externaltools.gnu-tools-for-stm32.10.3-2021.10.win32_1.0.200.202301161003/tools/bin/../lib/gcc/arm-none-eabi/10.3.1/thumb/v7-m/nofp\libgcc.a(_arm_fixsfsi.o)
                0x0000000008000e58                __aeabi_f2iz
                0x0000000008000e58                __fixsfsi
 *(.text*)
 .text.bufclr   0x0000000008000ea4       0x3a ./Core/Src/ESPDataLogger.o
                0x0000000008000ea4                bufclr
 *fill*         0x0000000008000ede        0x2 
 .text.ESP_Init
                0x0000000008000ee0       0x98 ./Core/Src/ESPDataLogger.o
                0x0000000008000ee0                ESP_Init
 .text.ESP_Send_Data
                0x0000000008000f78       0xc8 ./Core/Src/ESPDataLogger.o
                0x0000000008000f78                ESP_Send_Data
 .text.Ringbuf_init
                0x0000000008001040       0x4c ./Core/Src/UartRingbuffer.o
                0x0000000008001040                Ringbuf_init
 .text.store_char
                0x000000000800108c       0x3c ./Core/Src/UartRingbuffer.o
                0x000000000800108c                store_char
 .text.Uart_flush
                0x00000000080010c8       0x1c ./Core/Src/UartRingbuffer.o
                0x00000000080010c8                Uart_flush
 .text.Uart_write
                0x00000000080010e4       0x64 ./Core/Src/UartRingbuffer.o
                0x00000000080010e4                Uart_write
 .text.Uart_sendstring
                0x0000000008001148       0x2a ./Core/Src/UartRingbuffer.o
                0x0000000008001148                Uart_sendstring
 *fill*         0x0000000008001172        0x2 
 .text.Uart_isr
                0x0000000008001174       0xb4 ./Core/Src/UartRingbuffer.o
                0x0000000008001174                Uart_isr
 .text.lcd_send_cmd
                0x0000000008001228       0x60 ./Core/Src/i2c-lcd.o
                0x0000000008001228                lcd_send_cmd
 .text.lcd_send_data
                0x0000000008001288       0x60 ./Core/Src/i2c-lcd.o
                0x0000000008001288                lcd_send_data
 .text.lcd_put_cur
                0x00000000080012e8       0x3e ./Core/Src/i2c-lcd.o
                0x00000000080012e8                lcd_put_cur
 .text.lcd_init
                0x0000000008001326       0x7a ./Core/Src/i2c-lcd.o
                0x0000000008001326                lcd_init
 .text.lcd_send_string
                0x00000000080013a0       0x2a ./Core/Src/i2c-lcd.o
                0x00000000080013a0                lcd_send_string
 *fill*         0x00000000080013ca        0x2 
 .text.delay    0x00000000080013cc       0x30 ./Core/Src/main.o
                0x00000000080013cc                delay
 .text.SetPin   0x00000000080013fc       0x20 ./Core/Src/main.o
                0x00000000080013fc                SetPin
 .text.ResetPin
                0x000000000800141c       0x20 ./Core/Src/main.o
                0x000000000800141c                ResetPin
 .text.stepper_wave_drive
                0x000000000800143c       0xb8 ./Core/Src/main.o
                0x000000000800143c                stepper_wave_drive
 .text.stepper_wave_drive1
                0x00000000080014f4       0xd8 ./Core/Src/main.o
                0x00000000080014f4                stepper_wave_drive1
 .text.stepper_set_rpm
                0x00000000080015cc       0x22 ./Core/Src/main.o
                0x00000000080015cc                stepper_set_rpm
 *fill*         0x00000000080015ee        0x2 
 .text.stepper_step_angle
                0x00000000080015f0       0x98 ./Core/Src/main.o
                0x00000000080015f0                stepper_step_angle
 .text.stepper_step_angle1
                0x0000000008001688       0x98 ./Core/Src/main.o
                0x0000000008001688                stepper_step_angle1
 .text.main     0x0000000008001720      0x280 ./Core/Src/main.o
                0x0000000008001720                main
 .text.SystemClock_Config
                0x00000000080019a0       0xb6 ./Core/Src/main.o
                0x00000000080019a0                SystemClock_Config
 *fill*         0x0000000008001a56        0x2 
 .text.MX_ADC1_Init
                0x0000000008001a58       0xb8 ./Core/Src/main.o
 .text.MX_I2C2_Init
                0x0000000008001b10       0x5c ./Core/Src/main.o
 .text.MX_TIM1_Init
                0x0000000008001b6c       0xa0 ./Core/Src/main.o
 .text.MX_USART1_UART_Init
                0x0000000008001c0c       0x54 ./Core/Src/main.o
 .text.MX_GPIO_Init
                0x0000000008001c60       0xc0 ./Core/Src/main.o
 .text.Error_Handler
                0x0000000008001d20        0xa ./Core/Src/main.o
                0x0000000008001d20                Error_Handler
 *fill*         0x0000000008001d2a        0x2 
 .text.HAL_MspInit
                0x0000000008001d2c       0x64 ./Core/Src/stm32f1xx_hal_msp.o
                0x0000000008001d2c                HAL_MspInit
 .text.HAL_ADC_MspInit
                0x0000000008001d90       0xa8 ./Core/Src/stm32f1xx_hal_msp.o
                0x0000000008001d90                HAL_ADC_MspInit
 .text.HAL_I2C_MspInit
                0x0000000008001e38       0x80 ./Core/Src/stm32f1xx_hal_msp.o
                0x0000000008001e38                HAL_I2C_MspInit
 .text.HAL_TIM_Base_MspInit
                0x0000000008001eb8       0x3c ./Core/Src/stm32f1xx_hal_msp.o
                0x0000000008001eb8                HAL_TIM_Base_MspInit
 .text.HAL_UART_MspInit
                0x0000000008001ef4       0xa8 ./Core/Src/stm32f1xx_hal_msp.o
                0x0000000008001ef4                HAL_UART_MspInit
 .text.NMI_Handler
                0x0000000008001f9c        0x6 ./Core/Src/stm32f1xx_it.o
                0x0000000008001f9c                NMI_Handler
 .text.HardFault_Handler
                0x0000000008001fa2        0x6 ./Core/Src/stm32f1xx_it.o
                0x0000000008001fa2                HardFault_Handler
 .text.MemManage_Handler
                0x0000000008001fa8        0x6 ./Core/Src/stm32f1xx_it.o
                0x0000000008001fa8                MemManage_Handler
 .text.BusFault_Handler
                0x0000000008001fae        0x6 ./Core/Src/stm32f1xx_it.o
                0x0000000008001fae                BusFault_Handler
 .text.UsageFault_Handler
                0x0000000008001fb4        0x6 ./Core/Src/stm32f1xx_it.o
                0x0000000008001fb4                UsageFault_Handler
 .text.SVC_Handler
                0x0000000008001fba        0xc ./Core/Src/stm32f1xx_it.o
                0x0000000008001fba                SVC_Handler
 .text.DebugMon_Handler
                0x0000000008001fc6        0xc ./Core/Src/stm32f1xx_it.o
                0x0000000008001fc6                DebugMon_Handler
 .text.PendSV_Handler
                0x0000000008001fd2        0xc ./Core/Src/stm32f1xx_it.o
                0x0000000008001fd2                PendSV_Handler
 .text.SysTick_Handler
                0x0000000008001fde        0xc ./Core/Src/stm32f1xx_it.o
                0x0000000008001fde                SysTick_Handler
 *fill*         0x0000000008001fea        0x2 
 .text.USART1_IRQHandler
                0x0000000008001fec       0x18 ./Core/Src/stm32f1xx_it.o
                0x0000000008001fec                USART1_IRQHandler
 .text._sbrk    0x0000000008002004       0x6c ./Core/Src/sysmem.o
                0x0000000008002004                _sbrk
 .text.SystemInit
                0x0000000008002070        0xc ./Core/Src/system_stm32f1xx.o
                0x0000000008002070                SystemInit
 .text.Reset_Handler
                0x000000000800207c       0x48 ./Core/Startup/startup_stm32f103c8tx.o
                0x000000000800207c                Reset_Handler
 .text.Default_Handler
                0x00000000080020c4        0x2 ./Core/Startup/startup_stm32f103c8tx.o
                0x00000000080020c4                RTC_Alarm_IRQHandler
                0x00000000080020c4                EXTI2_IRQHandler
                0x00000000080020c4                TIM1_CC_IRQHandler
                0x00000000080020c4                PVD_IRQHandler
                0x00000000080020c4                EXTI3_IRQHandler
                0x00000000080020c4                EXTI0_IRQHandler
                0x00000000080020c4                I2C2_EV_IRQHandler
                0x00000000080020c4                ADC1_2_IRQHandler
                0x00000000080020c4                SPI1_IRQHandler
                0x00000000080020c4                TAMPER_IRQHandler
                0x00000000080020c4                DMA1_Channel4_IRQHandler
                0x00000000080020c4                USART3_IRQHandler
                0x00000000080020c4                RTC_IRQHandler
                0x00000000080020c4                DMA1_Channel7_IRQHandler
                0x00000000080020c4                CAN1_RX1_IRQHandler
                0x00000000080020c4                TIM4_IRQHandler
                0x00000000080020c4                I2C1_EV_IRQHandler
                0x00000000080020c4                DMA1_Channel6_IRQHandler
                0x00000000080020c4                TIM3_IRQHandler
                0x00000000080020c4                RCC_IRQHandler
                0x00000000080020c4                TIM1_TRG_COM_IRQHandler
                0x00000000080020c4                DMA1_Channel1_IRQHandler
                0x00000000080020c4                Default_Handler
                0x00000000080020c4                EXTI15_10_IRQHandler
                0x00000000080020c4                EXTI9_5_IRQHandler
                0x00000000080020c4                SPI2_IRQHandler
                0x00000000080020c4                DMA1_Channel5_IRQHandler
                0x00000000080020c4                EXTI4_IRQHandler
                0x00000000080020c4                USB_LP_CAN1_RX0_IRQHandler
                0x00000000080020c4                USB_HP_CAN1_TX_IRQHandler
                0x00000000080020c4                DMA1_Channel3_IRQHandler
                0x00000000080020c4                TIM1_UP_IRQHandler
                0x00000000080020c4                WWDG_IRQHandler
                0x00000000080020c4                TIM2_IRQHandler
                0x00000000080020c4                TIM1_BRK_IRQHandler
                0x00000000080020c4                EXTI1_IRQHandler
                0x00000000080020c4                USART2_IRQHandler
                0x00000000080020c4                I2C2_ER_IRQHandler
                0x00000000080020c4                DMA1_Channel2_IRQHandler
                0x00000000080020c4                CAN1_SCE_IRQHandler
                0x00000000080020c4                FLASH_IRQHandler
                0x00000000080020c4                I2C1_ER_IRQHandler
                0x00000000080020c4                USBWakeUp_IRQHandler
 *fill*         0x00000000080020c6        0x2 
 .text.HAL_Init
                0x00000000080020c8       0x2c ./Drivers/STM32F1xx_HAL_Driver/Src/stm32f1xx_hal.o
                0x00000000080020c8                HAL_Init
 .text.HAL_InitTick
                0x00000000080020f4       0x60 ./Drivers/STM32F1xx_HAL_Driver/Src/stm32f1xx_hal.o
                0x00000000080020f4                HAL_InitTick
 .text.HAL_IncTick
                0x0000000008002154       0x24 ./Drivers/STM32F1xx_HAL_Driver/Src/stm32f1xx_hal.o
                0x0000000008002154                HAL_IncTick
 .text.HAL_GetTick
                0x0000000008002178       0x14 ./Drivers/STM32F1xx_HAL_Driver/Src/stm32f1xx_hal.o
                0x0000000008002178                HAL_GetTick
 .text.HAL_Delay
                0x000000000800218c       0x48 ./Drivers/STM32F1xx_HAL_Driver/Src/stm32f1xx_hal.o
                0x000000000800218c                HAL_Delay
 .text.HAL_ADC_Init
                0x00000000080021d4      0x1b0 ./Drivers/STM32F1xx_HAL_Driver/Src/stm32f1xx_hal_adc.o
                0x00000000080021d4                HAL_ADC_Init
 .text.HAL_ADC_Start
                0x0000000008002384      0x15c ./Drivers/STM32F1xx_HAL_Driver/Src/stm32f1xx_hal_adc.o
                0x0000000008002384                HAL_ADC_Start
 .text.HAL_ADC_Stop
                0x00000000080024e0       0x58 ./Drivers/STM32F1xx_HAL_Driver/Src/stm32f1xx_hal_adc.o
                0x00000000080024e0                HAL_ADC_Stop
 .text.HAL_ADC_PollForConversion
                0x0000000008002538      0x20c ./Drivers/STM32F1xx_HAL_Driver/Src/stm32f1xx_hal_adc.o
                0x0000000008002538                HAL_ADC_PollForConversion
 .text.HAL_ADC_GetValue
                0x0000000008002744       0x18 ./Drivers/STM32F1xx_HAL_Driver/Src/stm32f1xx_hal_adc.o
                0x0000000008002744                HAL_ADC_GetValue
 .text.HAL_ADC_ConfigChannel
                0x000000000800275c      0x1f0 ./Drivers/STM32F1xx_HAL_Driver/Src/stm32f1xx_hal_adc.o
                0x000000000800275c                HAL_ADC_ConfigChannel
 .text.ADC_Enable
                0x000000000800294c       0xb4 ./Drivers/STM32F1xx_HAL_Driver/Src/stm32f1xx_hal_adc.o
                0x000000000800294c                ADC_Enable
 .text.ADC_ConversionStop_Disable
                0x0000000008002a00       0x82 ./Drivers/STM32F1xx_HAL_Driver/Src/stm32f1xx_hal_adc.o
                0x0000000008002a00                ADC_ConversionStop_Disable
 *fill*         0x0000000008002a82        0x2 
 .text.__NVIC_SetPriorityGrouping
                0x0000000008002a84       0x48 ./Drivers/STM32F1xx_HAL_Driver/Src/stm32f1xx_hal_cortex.o
 .text.__NVIC_GetPriorityGrouping
                0x0000000008002acc       0x1c ./Drivers/STM32F1xx_HAL_Driver/Src/stm32f1xx_hal_cortex.o
 .text.__NVIC_EnableIRQ
                0x0000000008002ae8       0x38 ./Drivers/STM32F1xx_HAL_Driver/Src/stm32f1xx_hal_cortex.o
 .text.__NVIC_SetPriority
                0x0000000008002b20       0x54 ./Drivers/STM32F1xx_HAL_Driver/Src/stm32f1xx_hal_cortex.o
 .text.NVIC_EncodePriority
                0x0000000008002b74       0x64 ./Drivers/STM32F1xx_HAL_Driver/Src/stm32f1xx_hal_cortex.o
 .text.SysTick_Config
                0x0000000008002bd8       0x44 ./Drivers/STM32F1xx_HAL_Driver/Src/stm32f1xx_hal_cortex.o
 .text.HAL_NVIC_SetPriorityGrouping
                0x0000000008002c1c       0x16 ./Drivers/STM32F1xx_HAL_Driver/Src/stm32f1xx_hal_cortex.o
                0x0000000008002c1c                HAL_NVIC_SetPriorityGrouping
 .text.HAL_NVIC_SetPriority
                0x0000000008002c32       0x38 ./Drivers/STM32F1xx_HAL_Driver/Src/stm32f1xx_hal_cortex.o
                0x0000000008002c32                HAL_NVIC_SetPriority
 .text.HAL_NVIC_EnableIRQ
                0x0000000008002c6a       0x1c ./Drivers/STM32F1xx_HAL_Driver/Src/stm32f1xx_hal_cortex.o
                0x0000000008002c6a                HAL_NVIC_EnableIRQ
 .text.HAL_SYSTICK_Config
                0x0000000008002c86       0x18 ./Drivers/STM32F1xx_HAL_Driver/Src/stm32f1xx_hal_cortex.o
                0x0000000008002c86                HAL_SYSTICK_Config
 .text.HAL_DMA_Abort
                0x0000000008002c9e       0x74 ./Drivers/STM32F1xx_HAL_Driver/Src/stm32f1xx_hal_dma.o
                0x0000000008002c9e                HAL_DMA_Abort
 *fill*         0x0000000008002d12        0x2 
 .text.HAL_DMA_Abort_IT
                0x0000000008002d14       0xec ./Drivers/STM32F1xx_HAL_Driver/Src/stm32f1xx_hal_dma.o
                0x0000000008002d14                HAL_DMA_Abort_IT
 .text.HAL_GPIO_Init
                0x0000000008002e00      0x308 ./Drivers/STM32F1xx_HAL_Driver/Src/stm32f1xx_hal_gpio.o
                0x0000000008002e00                HAL_GPIO_Init
 .text.HAL_GPIO_WritePin
                0x0000000008003108       0x30 ./Drivers/STM32F1xx_HAL_Driver/Src/stm32f1xx_hal_gpio.o
                0x0000000008003108                HAL_GPIO_WritePin
 .text.HAL_I2C_Init
                0x0000000008003138      0x288 ./Drivers/STM32F1xx_HAL_Driver/Src/stm32f1xx_hal_i2c.o
                0x0000000008003138                HAL_I2C_Init
 .text.HAL_I2C_Master_Transmit
                0x00000000080033c0      0x1fc ./Drivers/STM32F1xx_HAL_Driver/Src/stm32f1xx_hal_i2c.o
                0x00000000080033c0                HAL_I2C_Master_Transmit
 .text.I2C_MasterRequestWrite
                0x00000000080035bc      0x104 ./Drivers/STM32F1xx_HAL_Driver/Src/stm32f1xx_hal_i2c.o
 .text.I2C_WaitOnFlagUntilTimeout
                0x00000000080036c0       0xae ./Drivers/STM32F1xx_HAL_Driver/Src/stm32f1xx_hal_i2c.o
 .text.I2C_WaitOnMasterAddressFlagUntilTimeout
                0x000000000800376e       0xfe ./Drivers/STM32F1xx_HAL_Driver/Src/stm32f1xx_hal_i2c.o
 .text.I2C_WaitOnTXEFlagUntilTimeout
                0x000000000800386c       0x82 ./Drivers/STM32F1xx_HAL_Driver/Src/stm32f1xx_hal_i2c.o
 .text.I2C_WaitOnBTFFlagUntilTimeout
                0x00000000080038ee       0x82 ./Drivers/STM32F1xx_HAL_Driver/Src/stm32f1xx_hal_i2c.o
 .text.I2C_IsAcknowledgeFailed
                0x0000000008003970       0x5c ./Drivers/STM32F1xx_HAL_Driver/Src/stm32f1xx_hal_i2c.o
 .text.HAL_RCC_OscConfig
                0x00000000080039cc      0x504 ./Drivers/STM32F1xx_HAL_Driver/Src/stm32f1xx_hal_rcc.o
                0x00000000080039cc                HAL_RCC_OscConfig
 .text.HAL_RCC_ClockConfig
                0x0000000008003ed0      0x1d4 ./Drivers/STM32F1xx_HAL_Driver/Src/stm32f1xx_hal_rcc.o
                0x0000000008003ed0                HAL_RCC_ClockConfig
 .text.HAL_RCC_GetSysClockFreq
                0x00000000080040a4       0xbc ./Drivers/STM32F1xx_HAL_Driver/Src/stm32f1xx_hal_rcc.o
                0x00000000080040a4                HAL_RCC_GetSysClockFreq
 .text.HAL_RCC_GetHCLKFreq
                0x0000000008004160       0x14 ./Drivers/STM32F1xx_HAL_Driver/Src/stm32f1xx_hal_rcc.o
                0x0000000008004160                HAL_RCC_GetHCLKFreq
 .text.HAL_RCC_GetPCLK1Freq
                0x0000000008004174       0x28 ./Drivers/STM32F1xx_HAL_Driver/Src/stm32f1xx_hal_rcc.o
                0x0000000008004174                HAL_RCC_GetPCLK1Freq
 .text.HAL_RCC_GetPCLK2Freq
                0x000000000800419c       0x28 ./Drivers/STM32F1xx_HAL_Driver/Src/stm32f1xx_hal_rcc.o
                0x000000000800419c                HAL_RCC_GetPCLK2Freq
 .text.RCC_Delay
                0x00000000080041c4       0x3c ./Drivers/STM32F1xx_HAL_Driver/Src/stm32f1xx_hal_rcc.o
 .text.HAL_RCCEx_PeriphCLKConfig
                0x0000000008004200      0x16c ./Drivers/STM32F1xx_HAL_Driver/Src/stm32f1xx_hal_rcc_ex.o
                0x0000000008004200                HAL_RCCEx_PeriphCLKConfig
 .text.HAL_RCCEx_GetPeriphCLKFreq
                0x000000000800436c      0x180 ./Drivers/STM32F1xx_HAL_Driver/Src/stm32f1xx_hal_rcc_ex.o
                0x000000000800436c                HAL_RCCEx_GetPeriphCLKFreq
 .text.HAL_TIM_Base_Init
                0x00000000080044ec       0x9e ./Drivers/STM32F1xx_HAL_Driver/Src/stm32f1xx_hal_tim.o
                0x00000000080044ec                HAL_TIM_Base_Init
 *fill*         0x000000000800458a        0x2 
 .text.HAL_TIM_Base_Start
                0x000000000800458c       0x94 ./Drivers/STM32F1xx_HAL_Driver/Src/stm32f1xx_hal_tim.o
                0x000000000800458c                HAL_TIM_Base_Start
 .text.HAL_TIM_ConfigClockSource
                0x0000000008004620      0x188 ./Drivers/STM32F1xx_HAL_Driver/Src/stm32f1xx_hal_tim.o
                0x0000000008004620                HAL_TIM_ConfigClockSource
 .text.TIM_Base_SetConfig
                0x00000000080047a8       0xc4 ./Drivers/STM32F1xx_HAL_Driver/Src/stm32f1xx_hal_tim.o
                0x00000000080047a8                TIM_Base_SetConfig
 .text.TIM_TI1_ConfigInputStage
                0x000000000800486c       0x5c ./Drivers/STM32F1xx_HAL_Driver/Src/stm32f1xx_hal_tim.o
 .text.TIM_TI2_ConfigInputStage
                0x00000000080048c8       0x5e ./Drivers/STM32F1xx_HAL_Driver/Src/stm32f1xx_hal_tim.o
 .text.TIM_ITRx_SetConfig
                0x0000000008004926       0x34 ./Drivers/STM32F1xx_HAL_Driver/Src/stm32f1xx_hal_tim.o
 .text.TIM_ETR_SetConfig
                0x000000000800495a       0x3e ./Drivers/STM32F1xx_HAL_Driver/Src/stm32f1xx_hal_tim.o
                0x000000000800495a                TIM_ETR_SetConfig
 .text.HAL_TIMEx_MasterConfigSynchronization
                0x0000000008004998       0xbc ./Drivers/STM32F1xx_HAL_Driver/Src/stm32f1xx_hal_tim_ex.o
                0x0000000008004998                HAL_TIMEx_MasterConfigSynchronization
 .text.HAL_UART_Init
                0x0000000008004a54       0x9a ./Drivers/STM32F1xx_HAL_Driver/Src/stm32f1xx_hal_uart.o
                0x0000000008004a54                HAL_UART_Init
 *fill*         0x0000000008004aee        0x2 
 .text.HAL_UART_IRQHandler
                0x0000000008004af0      0x354 ./Drivers/STM32F1xx_HAL_Driver/Src/stm32f1xx_hal_uart.o
                0x0000000008004af0                HAL_UART_IRQHandler
 .text.HAL_UART_TxCpltCallback
                0x0000000008004e44       0x12 ./Drivers/STM32F1xx_HAL_Driver/Src/stm32f1xx_hal_uart.o
                0x0000000008004e44                HAL_UART_TxCpltCallback
 .text.HAL_UART_RxCpltCallback
                0x0000000008004e56       0x12 ./Drivers/STM32F1xx_HAL_Driver/Src/stm32f1xx_hal_uart.o
                0x0000000008004e56                HAL_UART_RxCpltCallback
 .text.HAL_UART_ErrorCallback
                0x0000000008004e68       0x12 ./Drivers/STM32F1xx_HAL_Driver/Src/stm32f1xx_hal_uart.o
                0x0000000008004e68                HAL_UART_ErrorCallback
 .text.HAL_UARTEx_RxEventCallback
                0x0000000008004e7a       0x16 ./Drivers/STM32F1xx_HAL_Driver/Src/stm32f1xx_hal_uart.o
                0x0000000008004e7a                HAL_UARTEx_RxEventCallback
 .text.UART_EndRxTransfer
                0x0000000008004e90       0x58 ./Drivers/STM32F1xx_HAL_Driver/Src/stm32f1xx_hal_uart.o
 .text.UART_DMAAbortOnError
                0x0000000008004ee8       0x28 ./Drivers/STM32F1xx_HAL_Driver/Src/stm32f1xx_hal_uart.o
 .text.UART_Transmit_IT
                0x0000000008004f10       0x9e ./Drivers/STM32F1xx_HAL_Driver/Src/stm32f1xx_hal_uart.o
 .text.UART_EndTransmit_IT
                0x0000000008004fae       0x30 ./Drivers/STM32F1xx_HAL_Driver/Src/stm32f1xx_hal_uart.o
 .text.UART_Receive_IT
                0x0000000008004fde      0x152 ./Drivers/STM32F1xx_HAL_Driver/Src/stm32f1xx_hal_uart.o
 .text.UART_SetConfig
                0x0000000008005130      0x11c ./Drivers/STM32F1xx_HAL_Driver/Src/stm32f1xx_hal_uart.o
 .text.__errno  0x000000000800524c        0xc c:/st/stm32cubeide_1.10.1/stm32cubeide/plugins/com.st.stm32cube.ide.mcu.externaltools.gnu-tools-for-stm32.10.3-2021.10.win32_1.0.200.202301161003/tools/bin/../lib/gcc/arm-none-eabi/10.3.1/../../../../arm-none-eabi/lib/thumb/v7-m/nofp\libc_nano.a(lib_a-errno.o)
                0x000000000800524c                __errno
 .text.__libc_init_array
                0x0000000008005258       0x48 c:/st/stm32cubeide_1.10.1/stm32cubeide/plugins/com.st.stm32cube.ide.mcu.externaltools.gnu-tools-for-stm32.10.3-2021.10.win32_1.0.200.202301161003/tools/bin/../lib/gcc/arm-none-eabi/10.3.1/../../../../arm-none-eabi/lib/thumb/v7-m/nofp\libc_nano.a(lib_a-init.o)
                0x0000000008005258                __libc_init_array
 .text.memset   0x00000000080052a0       0x10 c:/st/stm32cubeide_1.10.1/stm32cubeide/plugins/com.st.stm32cube.ide.mcu.externaltools.gnu-tools-for-stm32.10.3-2021.10.win32_1.0.200.202301161003/tools/bin/../lib/gcc/arm-none-eabi/10.3.1/../../../../arm-none-eabi/lib/thumb/v7-m/nofp\libc_nano.a(lib_a-memset.o)
                0x00000000080052a0                memset
 .text.sprintf  0x00000000080052b0       0x40 c:/st/stm32cubeide_1.10.1/stm32cubeide/plugins/com.st.stm32cube.ide.mcu.externaltools.gnu-tools-for-stm32.10.3-2021.10.win32_1.0.200.202301161003/tools/bin/../lib/gcc/arm-none-eabi/10.3.1/../../../../arm-none-eabi/lib/thumb/v7-m/nofp\libc_nano.a(lib_a-sprintf.o)
                0x00000000080052b0                siprintf
                0x00000000080052b0                sprintf
 .text.__ssputs_r
                0x00000000080052f0       0xb6 c:/st/stm32cubeide_1.10.1/stm32cubeide/plugins/com.st.stm32cube.ide.mcu.externaltools.gnu-tools-for-stm32.10.3-2021.10.win32_1.0.200.202301161003/tools/bin/../lib/gcc/arm-none-eabi/10.3.1/../../../../arm-none-eabi/lib/thumb/v7-m/nofp\libc_nano.a(lib_a-nano-svfprintf.o)
                0x00000000080052f0                __ssputs_r
 *fill*         0x00000000080053a6        0x2 
 .text._svfprintf_r
                0x00000000080053a8      0x200 c:/st/stm32cubeide_1.10.1/stm32cubeide/plugins/com.st.stm32cube.ide.mcu.externaltools.gnu-tools-for-stm32.10.3-2021.10.win32_1.0.200.202301161003/tools/bin/../lib/gcc/arm-none-eabi/10.3.1/../../../../arm-none-eabi/lib/thumb/v7-m/nofp\libc_nano.a(lib_a-nano-svfprintf.o)
                0x00000000080053a8                _svfiprintf_r
                0x00000000080053a8                _svfprintf_r
 .text._printf_common
                0x00000000080055a8       0xde c:/st/stm32cubeide_1.10.1/stm32cubeide/plugins/com.st.stm32cube.ide.mcu.externaltools.gnu-tools-for-stm32.10.3-2021.10.win32_1.0.200.202301161003/tools/bin/../lib/gcc/arm-none-eabi/10.3.1/../../../../arm-none-eabi/lib/thumb/v7-m/nofp\libc_nano.a(lib_a-nano-vfprintf_i.o)
                0x00000000080055a8                _printf_common
 *fill*         0x0000000008005686        0x2 
 .text._printf_i
                0x0000000008005688      0x24c c:/st/stm32cubeide_1.10.1/stm32cubeide/plugins/com.st.stm32cube.ide.mcu.externaltools.gnu-tools-for-stm32.10.3-2021.10.win32_1.0.200.202301161003/tools/bin/../lib/gcc/arm-none-eabi/10.3.1/../../../../arm-none-eabi/lib/thumb/v7-m/nofp\libc_nano.a(lib_a-nano-vfprintf_i.o)
                0x0000000008005688                _printf_i
 .text.memchr   0x00000000080058d4       0x1c c:/st/stm32cubeide_1.10.1/stm32cubeide/plugins/com.st.stm32cube.ide.mcu.externaltools.gnu-tools-for-stm32.10.3-2021.10.win32_1.0.200.202301161003/tools/bin/../lib/gcc/arm-none-eabi/10.3.1/../../../../arm-none-eabi/lib/thumb/v7-m/nofp\libc_nano.a(lib_a-memchr-stub.o)
                0x00000000080058d4                memchr
 .text.memcpy   0x00000000080058f0       0x1c c:/st/stm32cubeide_1.10.1/stm32cubeide/plugins/com.st.stm32cube.ide.mcu.externaltools.gnu-tools-for-stm32.10.3-2021.10.win32_1.0.200.202301161003/tools/bin/../lib/gcc/arm-none-eabi/10.3.1/../../../../arm-none-eabi/lib/thumb/v7-m/nofp\libc_nano.a(lib_a-memcpy-stub.o)
                0x00000000080058f0                memcpy
 .text.memmove  0x000000000800590c       0x34 c:/st/stm32cubeide_1.10.1/stm32cubeide/plugins/com.st.stm32cube.ide.mcu.externaltools.gnu-tools-for-stm32.10.3-2021.10.win32_1.0.200.202301161003/tools/bin/../lib/gcc/arm-none-eabi/10.3.1/../../../../arm-none-eabi/lib/thumb/v7-m/nofp\libc_nano.a(lib_a-memmove.o)
                0x000000000800590c                memmove
 .text._free_r  0x0000000008005940       0x90 c:/st/stm32cubeide_1.10.1/stm32cubeide/plugins/com.st.stm32cube.ide.mcu.externaltools.gnu-tools-for-stm32.10.3-2021.10.win32_1.0.200.202301161003/tools/bin/../lib/gcc/arm-none-eabi/10.3.1/../../../../arm-none-eabi/lib/thumb/v7-m/nofp\libc_nano.a(lib_a-nano-freer.o)
                0x0000000008005940                _free_r
 .text.sbrk_aligned
                0x00000000080059d0       0x40 c:/st/stm32cubeide_1.10.1/stm32cubeide/plugins/com.st.stm32cube.ide.mcu.externaltools.gnu-tools-for-stm32.10.3-2021.10.win32_1.0.200.202301161003/tools/bin/../lib/gcc/arm-none-eabi/10.3.1/../../../../arm-none-eabi/lib/thumb/v7-m/nofp\libc_nano.a(lib_a-nano-mallocr.o)
 .text._malloc_r
                0x0000000008005a10       0xe8 c:/st/stm32cubeide_1.10.1/stm32cubeide/plugins/com.st.stm32cube.ide.mcu.externaltools.gnu-tools-for-stm32.10.3-2021.10.win32_1.0.200.202301161003/tools/bin/../lib/gcc/arm-none-eabi/10.3.1/../../../../arm-none-eabi/lib/thumb/v7-m/nofp\libc_nano.a(lib_a-nano-mallocr.o)
                0x0000000008005a10                _malloc_r
 .text._realloc_r
                0x0000000008005af8       0x5e c:/st/stm32cubeide_1.10.1/stm32cubeide/plugins/com.st.stm32cube.ide.mcu.externaltools.gnu-tools-for-stm32.10.3-2021.10.win32_1.0.200.202301161003/tools/bin/../lib/gcc/arm-none-eabi/10.3.1/../../../../arm-none-eabi/lib/thumb/v7-m/nofp\libc_nano.a(lib_a-nano-reallocr.o)
                0x0000000008005af8                _realloc_r
 *fill*         0x0000000008005b56        0x2 
 .text._sbrk_r  0x0000000008005b58       0x20 c:/st/stm32cubeide_1.10.1/stm32cubeide/plugins/com.st.stm32cube.ide.mcu.externaltools.gnu-tools-for-stm32.10.3-2021.10.win32_1.0.200.202301161003/tools/bin/../lib/gcc/arm-none-eabi/10.3.1/../../../../arm-none-eabi/lib/thumb/v7-m/nofp\libc_nano.a(lib_a-sbrkr.o)
                0x0000000008005b58                _sbrk_r
 .text.__malloc_lock
                0x0000000008005b78        0xc c:/st/stm32cubeide_1.10.1/stm32cubeide/plugins/com.st.stm32cube.ide.mcu.externaltools.gnu-tools-for-stm32.10.3-2021.10.win32_1.0.200.202301161003/tools/bin/../lib/gcc/arm-none-eabi/10.3.1/../../../../arm-none-eabi/lib/thumb/v7-m/nofp\libc_nano.a(lib_a-mlock.o)
                0x0000000008005b78                __malloc_lock
 .text.__malloc_unlock
                0x0000000008005b84        0xc c:/st/stm32cubeide_1.10.1/stm32cubeide/plugins/com.st.stm32cube.ide.mcu.externaltools.gnu-tools-for-stm32.10.3-2021.10.win32_1.0.200.202301161003/tools/bin/../lib/gcc/arm-none-eabi/10.3.1/../../../../arm-none-eabi/lib/thumb/v7-m/nofp\libc_nano.a(lib_a-mlock.o)
                0x0000000008005b84                __malloc_unlock
 .text._malloc_usable_size_r
                0x0000000008005b90       0x10 c:/st/stm32cubeide_1.10.1/stm32cubeide/plugins/com.st.stm32cube.ide.mcu.externaltools.gnu-tools-for-stm32.10.3-2021.10.win32_1.0.200.202301161003/tools/bin/../lib/gcc/arm-none-eabi/10.3.1/../../../../arm-none-eabi/lib/thumb/v7-m/nofp\libc_nano.a(lib_a-nano-msizer.o)
                0x0000000008005b90                _malloc_usable_size_r
 .text.__retarget_lock_acquire_recursive
                0x0000000008005ba0        0x2 c:/st/stm32cubeide_1.10.1/stm32cubeide/plugins/com.st.stm32cube.ide.mcu.externaltools.gnu-tools-for-stm32.10.3-2021.10.win32_1.0.200.202301161003/tools/bin/../lib/gcc/arm-none-eabi/10.3.1/../../../../arm-none-eabi/lib/thumb/v7-m/nofp\libc_nano.a(lib_a-lock.o)
                0x0000000008005ba0                __retarget_lock_acquire_recursive
 .text.__retarget_lock_release_recursive
                0x0000000008005ba2        0x2 c:/st/stm32cubeide_1.10.1/stm32cubeide/plugins/com.st.stm32cube.ide.mcu.externaltools.gnu-tools-for-stm32.10.3-2021.10.win32_1.0.200.202301161003/tools/bin/../lib/gcc/arm-none-eabi/10.3.1/../../../../arm-none-eabi/lib/thumb/v7-m/nofp\libc_nano.a(lib_a-lock.o)
                0x0000000008005ba2                __retarget_lock_release_recursive
 *(.glue_7)
 .glue_7        0x0000000008005ba4        0x0 linker stubs
 *(.glue_7t)
 .glue_7t       0x0000000008005ba4        0x0 linker stubs
 *(.eh_frame)
 .eh_frame      0x0000000008005ba4        0x0 c:/st/stm32cubeide_1.10.1/stm32cubeide/plugins/com.st.stm32cube.ide.mcu.externaltools.gnu-tools-for-stm32.10.3-2021.10.win32_1.0.200.202301161003/tools/bin/../lib/gcc/arm-none-eabi/10.3.1/thumb/v7-m/nofp/crtbegin.o
 *(.init)
 .init          0x0000000008005ba4        0x4 c:/st/stm32cubeide_1.10.1/stm32cubeide/plugins/com.st.stm32cube.ide.mcu.externaltools.gnu-tools-for-stm32.10.3-2021.10.win32_1.0.200.202301161003/tools/bin/../lib/gcc/arm-none-eabi/10.3.1/thumb/v7-m/nofp/crti.o
                0x0000000008005ba4                _init
 .init          0x0000000008005ba8        0x8 c:/st/stm32cubeide_1.10.1/stm32cubeide/plugins/com.st.stm32cube.ide.mcu.externaltools.gnu-tools-for-stm32.10.3-2021.10.win32_1.0.200.202301161003/tools/bin/../lib/gcc/arm-none-eabi/10.3.1/thumb/v7-m/nofp/crtn.o
 *(.fini)
 .fini          0x0000000008005bb0        0x4 c:/st/stm32cubeide_1.10.1/stm32cubeide/plugins/com.st.stm32cube.ide.mcu.externaltools.gnu-tools-for-stm32.10.3-2021.10.win32_1.0.200.202301161003/tools/bin/../lib/gcc/arm-none-eabi/10.3.1/thumb/v7-m/nofp/crti.o
                0x0000000008005bb0                _fini
 .fini          0x0000000008005bb4        0x8 c:/st/stm32cubeide_1.10.1/stm32cubeide/plugins/com.st.stm32cube.ide.mcu.externaltools.gnu-tools-for-stm32.10.3-2021.10.win32_1.0.200.202301161003/tools/bin/../lib/gcc/arm-none-eabi/10.3.1/thumb/v7-m/nofp/crtn.o
                0x0000000008005bbc                . = ALIGN (0x4)
                0x0000000008005bbc                _etext = .

.vfp11_veneer   0x0000000008005bbc        0x0
 .vfp11_veneer  0x0000000008005bbc        0x0 linker stubs

.v4_bx          0x0000000008005bbc        0x0
 .v4_bx         0x0000000008005bbc        0x0 linker stubs

.iplt           0x0000000008005bbc        0x0
 .iplt          0x0000000008005bbc        0x0 c:/st/stm32cubeide_1.10.1/stm32cubeide/plugins/com.st.stm32cube.ide.mcu.externaltools.gnu-tools-for-stm32.10.3-2021.10.win32_1.0.200.202301161003/tools/bin/../lib/gcc/arm-none-eabi/10.3.1/thumb/v7-m/nofp/crtbegin.o

.rodata         0x0000000008005bbc      0x19c
                0x0000000008005bbc                . = ALIGN (0x4)
 *(.rodata)
 .rodata        0x0000000008005bbc       0xd6 ./Core/Src/ESPDataLogger.o
 *fill*         0x0000000008005c92        0x2 
 .rodata        0x0000000008005c94       0x57 ./Core/Src/main.o
 *fill*         0x0000000008005ceb        0x1 
 .rodata        0x0000000008005cec       0x10 ./Drivers/STM32F1xx_HAL_Driver/Src/stm32f1xx_hal_rcc.o
 .rodata        0x0000000008005cfc       0x10 ./Drivers/STM32F1xx_HAL_Driver/Src/stm32f1xx_hal_rcc_ex.o
 *(.rodata*)
 .rodata.AHBPrescTable
                0x0000000008005d0c       0x10 ./Core/Src/system_stm32f1xx.o
                0x0000000008005d0c                AHBPrescTable
 .rodata.APBPrescTable
                0x0000000008005d1c        0x8 ./Core/Src/system_stm32f1xx.o
                0x0000000008005d1c                APBPrescTable
 .rodata._svfprintf_r.str1.1
                0x0000000008005d24       0x11 c:/st/stm32cubeide_1.10.1/stm32cubeide/plugins/com.st.stm32cube.ide.mcu.externaltools.gnu-tools-for-stm32.10.3-2021.10.win32_1.0.200.202301161003/tools/bin/../lib/gcc/arm-none-eabi/10.3.1/../../../../arm-none-eabi/lib/thumb/v7-m/nofp\libc_nano.a(lib_a-nano-svfprintf.o)
 .rodata._printf_i.str1.1
                0x0000000008005d35       0x22 c:/st/stm32cubeide_1.10.1/stm32cubeide/plugins/com.st.stm32cube.ide.mcu.externaltools.gnu-tools-for-stm32.10.3-2021.10.win32_1.0.200.202301161003/tools/bin/../lib/gcc/arm-none-eabi/10.3.1/../../../../arm-none-eabi/lib/thumb/v7-m/nofp\libc_nano.a(lib_a-nano-vfprintf_i.o)
                0x0000000008005d58                . = ALIGN (0x4)
 *fill*         0x0000000008005d57        0x1 

.rel.dyn        0x0000000008005d58        0x0
 .rel.iplt      0x0000000008005d58        0x0 c:/st/stm32cubeide_1.10.1/stm32cubeide/plugins/com.st.stm32cube.ide.mcu.externaltools.gnu-tools-for-stm32.10.3-2021.10.win32_1.0.200.202301161003/tools/bin/../lib/gcc/arm-none-eabi/10.3.1/thumb/v7-m/nofp/crtbegin.o

.ARM.extab      0x0000000008005d58        0x0
                0x0000000008005d58                . = ALIGN (0x4)
 *(.ARM.extab* .gnu.linkonce.armextab.*)
                0x0000000008005d58                . = ALIGN (0x4)

.ARM            0x0000000008005d58        0x0
                0x0000000008005d58                . = ALIGN (0x4)
                0x0000000008005d58                __exidx_start = .
 *(.ARM.exidx*)
                0x0000000008005d58                __exidx_end = .
                0x0000000008005d58                . = ALIGN (0x4)

.preinit_array  0x0000000008005d58        0x0
                0x0000000008005d58                . = ALIGN (0x4)
                0x0000000008005d58                PROVIDE (__preinit_array_start = .)
 *(.preinit_array*)
                0x0000000008005d58                PROVIDE (__preinit_array_end = .)
                0x0000000008005d58                . = ALIGN (0x4)

.init_array     0x0000000008005d58        0x4
                0x0000000008005d58                . = ALIGN (0x4)
                0x0000000008005d58                PROVIDE (__init_array_start = .)
 *(SORT_BY_NAME(.init_array.*))
 *(.init_array*)
 .init_array    0x0000000008005d58        0x4 c:/st/stm32cubeide_1.10.1/stm32cubeide/plugins/com.st.stm32cube.ide.mcu.externaltools.gnu-tools-for-stm32.10.3-2021.10.win32_1.0.200.202301161003/tools/bin/../lib/gcc/arm-none-eabi/10.3.1/thumb/v7-m/nofp/crtbegin.o
                0x0000000008005d5c                PROVIDE (__init_array_end = .)
                0x0000000008005d5c                . = ALIGN (0x4)

.fini_array     0x0000000008005d5c        0x4
                0x0000000008005d5c                . = ALIGN (0x4)
                [!provide]                        PROVIDE (__fini_array_start = .)
 *(SORT_BY_NAME(.fini_array.*))
 *(.fini_array*)
 .fini_array    0x0000000008005d5c        0x4 c:/st/stm32cubeide_1.10.1/stm32cubeide/plugins/com.st.stm32cube.ide.mcu.externaltools.gnu-tools-for-stm32.10.3-2021.10.win32_1.0.200.202301161003/tools/bin/../lib/gcc/arm-none-eabi/10.3.1/thumb/v7-m/nofp/crtbegin.o
                [!provide]                        PROVIDE (__fini_array_end = .)
                0x0000000008005d60                . = ALIGN (0x4)
                0x0000000008005d60                _sidata = LOADADDR (.data)

.data           0x0000000020000000       0x70 load address 0x0000000008005d60
                0x0000000020000000                . = ALIGN (0x4)
                0x0000000020000000                _sdata = .
 *(.data)
 *(.data*)
 .data.SystemCoreClock
                0x0000000020000000        0x4 ./Core/Src/system_stm32f1xx.o
                0x0000000020000000                SystemCoreClock
 .data.uwTickPrio
                0x0000000020000004        0x4 ./Drivers/STM32F1xx_HAL_Driver/Src/stm32f1xx_hal.o
                0x0000000020000004                uwTickPrio
 .data.uwTickFreq
                0x0000000020000008        0x1 ./Drivers/STM32F1xx_HAL_Driver/Src/stm32f1xx_hal.o
                0x0000000020000008                uwTickFreq
 *fill*         0x0000000020000009        0x3 
 .data._impure_ptr
                0x000000002000000c        0x4 c:/st/stm32cubeide_1.10.1/stm32cubeide/plugins/com.st.stm32cube.ide.mcu.externaltools.gnu-tools-for-stm32.10.3-2021.10.win32_1.0.200.202301161003/tools/bin/../lib/gcc/arm-none-eabi/10.3.1/../../../../arm-none-eabi/lib/thumb/v7-m/nofp\libc_nano.a(lib_a-impure.o)
                0x000000002000000c                _impure_ptr
 .data.impure_data
                0x0000000020000010       0x60 c:/st/stm32cubeide_1.10.1/stm32cubeide/plugins/com.st.stm32cube.ide.mcu.externaltools.gnu-tools-for-stm32.10.3-2021.10.win32_1.0.200.202301161003/tools/bin/../lib/gcc/arm-none-eabi/10.3.1/../../../../arm-none-eabi/lib/thumb/v7-m/nofp\libc_nano.a(lib_a-impure.o)
 *(.RamFunc)
 *(.RamFunc*)
                0x0000000020000070                . = ALIGN (0x4)
                0x0000000020000070                _edata = .

.igot.plt       0x0000000020000070        0x0 load address 0x0000000008005dd0
 .igot.plt      0x0000000020000070        0x0 c:/st/stm32cubeide_1.10.1/stm32cubeide/plugins/com.st.stm32cube.ide.mcu.externaltools.gnu-tools-for-stm32.10.3-2021.10.win32_1.0.200.202301161003/tools/bin/../lib/gcc/arm-none-eabi/10.3.1/thumb/v7-m/nofp/crtbegin.o
                0x0000000020000070                . = ALIGN (0x4)

.bss            0x0000000020000070      0x224 load address 0x0000000008005dd0
                0x0000000020000070                _sbss = .
                0x0000000020000070                __bss_start__ = _sbss
 *(.bss)
 .bss           0x0000000020000070       0x1c c:/st/stm32cubeide_1.10.1/stm32cubeide/plugins/com.st.stm32cube.ide.mcu.externaltools.gnu-tools-for-stm32.10.3-2021.10.win32_1.0.200.202301161003/tools/bin/../lib/gcc/arm-none-eabi/10.3.1/thumb/v7-m/nofp/crtbegin.o
 *(.bss*)
 .bss.rx_buffer
                0x000000002000008c       0x48 ./Core/Src/UartRingbuffer.o
                0x000000002000008c                rx_buffer
 .bss.tx_buffer
                0x00000000200000d4       0x48 ./Core/Src/UartRingbuffer.o
                0x00000000200000d4                tx_buffer
 .bss._rx_buffer
                0x000000002000011c        0x4 ./Core/Src/UartRingbuffer.o
                0x000000002000011c                _rx_buffer
 .bss._tx_buffer
                0x0000000020000120        0x4 ./Core/Src/UartRingbuffer.o
                0x0000000020000120                _tx_buffer
 .bss.hadc1     0x0000000020000124       0x30 ./Core/Src/main.o
                0x0000000020000124                hadc1
 .bss.hi2c2     0x0000000020000154       0x54 ./Core/Src/main.o
                0x0000000020000154                hi2c2
 .bss.htim1     0x00000000200001a8       0x48 ./Core/Src/main.o
                0x00000000200001a8                htim1
 .bss.huart1    0x00000000200001f0       0x44 ./Core/Src/main.o
                0x00000000200001f0                huart1
 .bss.adc_ldr7  0x0000000020000234        0x2 ./Core/Src/main.o
                0x0000000020000234                adc_ldr7
 *fill*         0x0000000020000236        0x2 
 .bss.V_ldr7    0x0000000020000238        0x4 ./Core/Src/main.o
                0x0000000020000238                V_ldr7
 .bss.adc_ldr8  0x000000002000023c        0x2 ./Core/Src/main.o
                0x000000002000023c                adc_ldr8
 *fill*         0x000000002000023e        0x2 
 .bss.V_ldr8    0x0000000020000240        0x4 ./Core/Src/main.o
                0x0000000020000240                V_ldr8
 .bss.adc_ldr9  0x0000000020000244        0x2 ./Core/Src/main.o
                0x0000000020000244                adc_ldr9
 *fill*         0x0000000020000246        0x2 
 .bss.V_ldr9    0x0000000020000248        0x4 ./Core/Src/main.o
                0x0000000020000248                V_ldr9
 .bss.buff7     0x000000002000024c       0x10 ./Core/Src/main.o
                0x000000002000024c                buff7
 .bss.buff8     0x000000002000025c       0x10 ./Core/Src/main.o
                0x000000002000025c                buff8
 .bss.buff9     0x000000002000026c       0x10 ./Core/Src/main.o
                0x000000002000026c                buff9
 .bss.__sbrk_heap_end
                0x000000002000027c        0x4 ./Core/Src/sysmem.o
 .bss.uwTick    0x0000000020000280        0x4 ./Drivers/STM32F1xx_HAL_Driver/Src/stm32f1xx_hal.o
                0x0000000020000280                uwTick
 .bss.__malloc_free_list
                0x0000000020000284        0x4 c:/st/stm32cubeide_1.10.1/stm32cubeide/plugins/com.st.stm32cube.ide.mcu.externaltools.gnu-tools-for-stm32.10.3-2021.10.win32_1.0.200.202301161003/tools/bin/../lib/gcc/arm-none-eabi/10.3.1/../../../../arm-none-eabi/lib/thumb/v7-m/nofp\libc_nano.a(lib_a-nano-mallocr.o)
                0x0000000020000284                __malloc_free_list
 .bss.__malloc_sbrk_start
                0x0000000020000288        0x4 c:/st/stm32cubeide_1.10.1/stm32cubeide/plugins/com.st.stm32cube.ide.mcu.externaltools.gnu-tools-for-stm32.10.3-2021.10.win32_1.0.200.202301161003/tools/bin/../lib/gcc/arm-none-eabi/10.3.1/../../../../arm-none-eabi/lib/thumb/v7-m/nofp\libc_nano.a(lib_a-nano-mallocr.o)
                0x0000000020000288                __malloc_sbrk_start
 .bss.errno     0x000000002000028c        0x4 c:/st/stm32cubeide_1.10.1/stm32cubeide/plugins/com.st.stm32cube.ide.mcu.externaltools.gnu-tools-for-stm32.10.3-2021.10.win32_1.0.200.202301161003/tools/bin/../lib/gcc/arm-none-eabi/10.3.1/../../../../arm-none-eabi/lib/thumb/v7-m/nofp\libc_nano.a(lib_a-reent.o)
                0x000000002000028c                errno
 .bss.__lock___malloc_recursive_mutex
                0x0000000020000290        0x1 c:/st/stm32cubeide_1.10.1/stm32cubeide/plugins/com.st.stm32cube.ide.mcu.externaltools.gnu-tools-for-stm32.10.3-2021.10.win32_1.0.200.202301161003/tools/bin/../lib/gcc/arm-none-eabi/10.3.1/../../../../arm-none-eabi/lib/thumb/v7-m/nofp\libc_nano.a(lib_a-lock.o)
                0x0000000020000290                __lock___malloc_recursive_mutex
 *(COMMON)
                0x0000000020000294                . = ALIGN (0x4)
 *fill*         0x0000000020000291        0x3 
                0x0000000020000294                _ebss = .
                0x0000000020000294                __bss_end__ = _ebss

._user_heap_stack
                0x0000000020000294      0x604 load address 0x0000000008005dd0
                0x0000000020000298                . = ALIGN (0x8)
 *fill*         0x0000000020000294        0x4 
                [!provide]                        PROVIDE (end = .)
                0x0000000020000298                PROVIDE (_end = .)
                0x0000000020000498                . = (. + _Min_Heap_Size)
 *fill*         0x0000000020000298      0x200 
                0x0000000020000898                . = (. + _Min_Stack_Size)
 *fill*         0x0000000020000498      0x400 
                0x0000000020000898                . = ALIGN (0x8)

/DISCARD/
 libc.a(*)
 libm.a(*)
 libgcc.a(*)

.ARM.attributes
                0x0000000000000000       0x29
 *(.ARM.attributes)
 .ARM.attributes
                0x0000000000000000       0x1d c:/st/stm32cubeide_1.10.1/stm32cubeide/plugins/com.st.stm32cube.ide.mcu.externaltools.gnu-tools-for-stm32.10.3-2021.10.win32_1.0.200.202301161003/tools/bin/../lib/gcc/arm-none-eabi/10.3.1/thumb/v7-m/nofp/crti.o
 .ARM.attributes
                0x000000000000001d       0x2d c:/st/stm32cubeide_1.10.1/stm32cubeide/plugins/com.st.stm32cube.ide.mcu.externaltools.gnu-tools-for-stm32.10.3-2021.10.win32_1.0.200.202301161003/tools/bin/../lib/gcc/arm-none-eabi/10.3.1/thumb/v7-m/nofp/crtbegin.o
 .ARM.attributes
                0x000000000000004a       0x2d ./Core/Src/ESPDataLogger.o
 .ARM.attributes
                0x0000000000000077       0x2d ./Core/Src/UartRingbuffer.o
 .ARM.attributes
                0x00000000000000a4       0x2d ./Core/Src/i2c-lcd.o
 .ARM.attributes
                0x00000000000000d1       0x2d ./Core/Src/main.o
 .ARM.attributes
                0x00000000000000fe       0x2d ./Core/Src/stm32f1xx_hal_msp.o
 .ARM.attributes
                0x000000000000012b       0x2d ./Core/Src/stm32f1xx_it.o
 .ARM.attributes
                0x0000000000000158       0x2d ./Core/Src/sysmem.o
 .ARM.attributes
                0x0000000000000185       0x2d ./Core/Src/system_stm32f1xx.o
 .ARM.attributes
                0x00000000000001b2       0x21 ./Core/Startup/startup_stm32f103c8tx.o
 .ARM.attributes
                0x00000000000001d3       0x2d ./Drivers/STM32F1xx_HAL_Driver/Src/stm32f1xx_hal.o
 .ARM.attributes
                0x0000000000000200       0x2d ./Drivers/STM32F1xx_HAL_Driver/Src/stm32f1xx_hal_adc.o
 .ARM.attributes
                0x000000000000022d       0x2d ./Drivers/STM32F1xx_HAL_Driver/Src/stm32f1xx_hal_cortex.o
 .ARM.attributes
                0x000000000000025a       0x2d ./Drivers/STM32F1xx_HAL_Driver/Src/stm32f1xx_hal_dma.o
 .ARM.attributes
                0x0000000000000287       0x2d ./Drivers/STM32F1xx_HAL_Driver/Src/stm32f1xx_hal_gpio.o
 .ARM.attributes
                0x00000000000002b4       0x2d ./Drivers/STM32F1xx_HAL_Driver/Src/stm32f1xx_hal_i2c.o
 .ARM.attributes
                0x00000000000002e1       0x2d ./Drivers/STM32F1xx_HAL_Driver/Src/stm32f1xx_hal_rcc.o
 .ARM.attributes
                0x000000000000030e       0x2d ./Drivers/STM32F1xx_HAL_Driver/Src/stm32f1xx_hal_rcc_ex.o
 .ARM.attributes
                0x000000000000033b       0x2d ./Drivers/STM32F1xx_HAL_Driver/Src/stm32f1xx_hal_tim.o
 .ARM.attributes
                0x0000000000000368       0x2d ./Drivers/STM32F1xx_HAL_Driver/Src/stm32f1xx_hal_tim_ex.o
 .ARM.attributes
                0x0000000000000395       0x2d ./Drivers/STM32F1xx_HAL_Driver/Src/stm32f1xx_hal_uart.o
 .ARM.attributes
                0x00000000000003c2       0x2d c:/st/stm32cubeide_1.10.1/stm32cubeide/plugins/com.st.stm32cube.ide.mcu.externaltools.gnu-tools-for-stm32.10.3-2021.10.win32_1.0.200.202301161003/tools/bin/../lib/gcc/arm-none-eabi/10.3.1/../../../../arm-none-eabi/lib/thumb/v7-m/nofp\libc_nano.a(lib_a-errno.o)
 .ARM.attributes
                0x00000000000003ef       0x2d c:/st/stm32cubeide_1.10.1/stm32cubeide/plugins/com.st.stm32cube.ide.mcu.externaltools.gnu-tools-for-stm32.10.3-2021.10.win32_1.0.200.202301161003/tools/bin/../lib/gcc/arm-none-eabi/10.3.1/../../../../arm-none-eabi/lib/thumb/v7-m/nofp\libc_nano.a(lib_a-impure.o)
 .ARM.attributes
                0x000000000000041c       0x2d c:/st/stm32cubeide_1.10.1/stm32cubeide/plugins/com.st.stm32cube.ide.mcu.externaltools.gnu-tools-for-stm32.10.3-2021.10.win32_1.0.200.202301161003/tools/bin/../lib/gcc/arm-none-eabi/10.3.1/../../../../arm-none-eabi/lib/thumb/v7-m/nofp\libc_nano.a(lib_a-init.o)
 .ARM.attributes
                0x0000000000000449       0x2d c:/st/stm32cubeide_1.10.1/stm32cubeide/plugins/com.st.stm32cube.ide.mcu.externaltools.gnu-tools-for-stm32.10.3-2021.10.win32_1.0.200.202301161003/tools/bin/../lib/gcc/arm-none-eabi/10.3.1/../../../../arm-none-eabi/lib/thumb/v7-m/nofp\libc_nano.a(lib_a-memset.o)
 .ARM.attributes
                0x0000000000000476       0x2d c:/st/stm32cubeide_1.10.1/stm32cubeide/plugins/com.st.stm32cube.ide.mcu.externaltools.gnu-tools-for-stm32.10.3-2021.10.win32_1.0.200.202301161003/tools/bin/../lib/gcc/arm-none-eabi/10.3.1/../../../../arm-none-eabi/lib/thumb/v7-m/nofp\libc_nano.a(lib_a-sprintf.o)
 .ARM.attributes
                0x00000000000004a3       0x17 c:/st/stm32cubeide_1.10.1/stm32cubeide/plugins/com.st.stm32cube.ide.mcu.externaltools.gnu-tools-for-stm32.10.3-2021.10.win32_1.0.200.202301161003/tools/bin/../lib/gcc/arm-none-eabi/10.3.1/../../../../arm-none-eabi/lib/thumb/v7-m/nofp\libc_nano.a(lib_a-strlen.o)
 .ARM.attributes
                0x00000000000004ba       0x2d c:/st/stm32cubeide_1.10.1/stm32cubeide/plugins/com.st.stm32cube.ide.mcu.externaltools.gnu-tools-for-stm32.10.3-2021.10.win32_1.0.200.202301161003/tools/bin/../lib/gcc/arm-none-eabi/10.3.1/../../../../arm-none-eabi/lib/thumb/v7-m/nofp\libc_nano.a(lib_a-nano-svfprintf.o)
 .ARM.attributes
                0x00000000000004e7       0x2d c:/st/stm32cubeide_1.10.1/stm32cubeide/plugins/com.st.stm32cube.ide.mcu.externaltools.gnu-tools-for-stm32.10.3-2021.10.win32_1.0.200.202301161003/tools/bin/../lib/gcc/arm-none-eabi/10.3.1/../../../../arm-none-eabi/lib/thumb/v7-m/nofp\libc_nano.a(lib_a-nano-vfprintf_i.o)
 .ARM.attributes
                0x0000000000000514       0x2d c:/st/stm32cubeide_1.10.1/stm32cubeide/plugins/com.st.stm32cube.ide.mcu.externaltools.gnu-tools-for-stm32.10.3-2021.10.win32_1.0.200.202301161003/tools/bin/../lib/gcc/arm-none-eabi/10.3.1/../../../../arm-none-eabi/lib/thumb/v7-m/nofp\libc_nano.a(lib_a-memchr-stub.o)
 .ARM.attributes
                0x0000000000000541       0x2d c:/st/stm32cubeide_1.10.1/stm32cubeide/plugins/com.st.stm32cube.ide.mcu.externaltools.gnu-tools-for-stm32.10.3-2021.10.win32_1.0.200.202301161003/tools/bin/../lib/gcc/arm-none-eabi/10.3.1/../../../../arm-none-eabi/lib/thumb/v7-m/nofp\libc_nano.a(lib_a-memcpy-stub.o)
 .ARM.attributes
                0x000000000000056e       0x2d c:/st/stm32cubeide_1.10.1/stm32cubeide/plugins/com.st.stm32cube.ide.mcu.externaltools.gnu-tools-for-stm32.10.3-2021.10.win32_1.0.200.202301161003/tools/bin/../lib/gcc/arm-none-eabi/10.3.1/../../../../arm-none-eabi/lib/thumb/v7-m/nofp\libc_nano.a(lib_a-memmove.o)
 .ARM.attributes
                0x000000000000059b       0x2d c:/st/stm32cubeide_1.10.1/stm32cubeide/plugins/com.st.stm32cube.ide.mcu.externaltools.gnu-tools-for-stm32.10.3-2021.10.win32_1.0.200.202301161003/tools/bin/../lib/gcc/arm-none-eabi/10.3.1/../../../../arm-none-eabi/lib/thumb/v7-m/nofp\libc_nano.a(lib_a-nano-freer.o)
 .ARM.attributes
                0x00000000000005c8       0x2d c:/st/stm32cubeide_1.10.1/stm32cubeide/plugins/com.st.stm32cube.ide.mcu.externaltools.gnu-tools-for-stm32.10.3-2021.10.win32_1.0.200.202301161003/tools/bin/../lib/gcc/arm-none-eabi/10.3.1/../../../../arm-none-eabi/lib/thumb/v7-m/nofp\libc_nano.a(lib_a-nano-mallocr.o)
 .ARM.attributes
                0x00000000000005f5       0x2d c:/st/stm32cubeide_1.10.1/stm32cubeide/plugins/com.st.stm32cube.ide.mcu.externaltools.gnu-tools-for-stm32.10.3-2021.10.win32_1.0.200.202301161003/tools/bin/../lib/gcc/arm-none-eabi/10.3.1/../../../../arm-none-eabi/lib/thumb/v7-m/nofp\libc_nano.a(lib_a-nano-reallocr.o)
 .ARM.attributes
                0x0000000000000622       0x2d c:/st/stm32cubeide_1.10.1/stm32cubeide/plugins/com.st.stm32cube.ide.mcu.externaltools.gnu-tools-for-stm32.10.3-2021.10.win32_1.0.200.202301161003/tools/bin/../lib/gcc/arm-none-eabi/10.3.1/../../../../arm-none-eabi/lib/thumb/v7-m/nofp\libc_nano.a(lib_a-sbrkr.o)
 .ARM.attributes
                0x000000000000064f       0x2d c:/st/stm32cubeide_1.10.1/stm32cubeide/plugins/com.st.stm32cube.ide.mcu.externaltools.gnu-tools-for-stm32.10.3-2021.10.win32_1.0.200.202301161003/tools/bin/../lib/gcc/arm-none-eabi/10.3.1/../../../../arm-none-eabi/lib/thumb/v7-m/nofp\libc_nano.a(lib_a-mlock.o)
 .ARM.attributes
                0x000000000000067c       0x2d c:/st/stm32cubeide_1.10.1/stm32cubeide/plugins/com.st.stm32cube.ide.mcu.externaltools.gnu-tools-for-stm32.10.3-2021.10.win32_1.0.200.202301161003/tools/bin/../lib/gcc/arm-none-eabi/10.3.1/../../../../arm-none-eabi/lib/thumb/v7-m/nofp\libc_nano.a(lib_a-nano-msizer.o)
 .ARM.attributes
                0x00000000000006a9       0x2d c:/st/stm32cubeide_1.10.1/stm32cubeide/plugins/com.st.stm32cube.ide.mcu.externaltools.gnu-tools-for-stm32.10.3-2021.10.win32_1.0.200.202301161003/tools/bin/../lib/gcc/arm-none-eabi/10.3.1/../../../../arm-none-eabi/lib/thumb/v7-m/nofp\libc_nano.a(lib_a-reent.o)
 .ARM.attributes
                0x00000000000006d6       0x2d c:/st/stm32cubeide_1.10.1/stm32cubeide/plugins/com.st.stm32cube.ide.mcu.externaltools.gnu-tools-for-stm32.10.3-2021.10.win32_1.0.200.202301161003/tools/bin/../lib/gcc/arm-none-eabi/10.3.1/../../../../arm-none-eabi/lib/thumb/v7-m/nofp\libc_nano.a(lib_a-lock.o)
 .ARM.attributes
                0x0000000000000703       0x1d c:/st/stm32cubeide_1.10.1/stm32cubeide/plugins/com.st.stm32cube.ide.mcu.externaltools.gnu-tools-for-stm32.10.3-2021.10.win32_1.0.200.202301161003/tools/bin/../lib/gcc/arm-none-eabi/10.3.1/thumb/v7-m/nofp\libgcc.a(_arm_addsubdf3.o)
 .ARM.attributes
                0x0000000000000720       0x1d c:/st/stm32cubeide_1.10.1/stm32cubeide/plugins/com.st.stm32cube.ide.mcu.externaltools.gnu-tools-for-stm32.10.3-2021.10.win32_1.0.200.202301161003/tools/bin/../lib/gcc/arm-none-eabi/10.3.1/thumb/v7-m/nofp\libgcc.a(_arm_muldivdf3.o)
 .ARM.attributes
                0x000000000000073d       0x1d c:/st/stm32cubeide_1.10.1/stm32cubeide/plugins/com.st.stm32cube.ide.mcu.externaltools.gnu-tools-for-stm32.10.3-2021.10.win32_1.0.200.202301161003/tools/bin/../lib/gcc/arm-none-eabi/10.3.1/thumb/v7-m/nofp\libgcc.a(_arm_truncdfsf2.o)
 .ARM.attributes
                0x000000000000075a       0x1d c:/st/stm32cubeide_1.10.1/stm32cubeide/plugins/com.st.stm32cube.ide.mcu.externaltools.gnu-tools-for-stm32.10.3-2021.10.win32_1.0.200.202301161003/tools/bin/../lib/gcc/arm-none-eabi/10.3.1/thumb/v7-m/nofp\libgcc.a(_arm_addsubsf3.o)
 .ARM.attributes
                0x0000000000000777       0x1d c:/st/stm32cubeide_1.10.1/stm32cubeide/plugins/com.st.stm32cube.ide.mcu.externaltools.gnu-tools-for-stm32.10.3-2021.10.win32_1.0.200.202301161003/tools/bin/../lib/gcc/arm-none-eabi/10.3.1/thumb/v7-m/nofp\libgcc.a(_arm_muldivsf3.o)
 .ARM.attributes
                0x0000000000000794       0x1d c:/st/stm32cubeide_1.10.1/stm32cubeide/plugins/com.st.stm32cube.ide.mcu.externaltools.gnu-tools-for-stm32.10.3-2021.10.win32_1.0.200.202301161003/tools/bin/../lib/gcc/arm-none-eabi/10.3.1/thumb/v7-m/nofp\libgcc.a(_arm_fixsfsi.o)
 .ARM.attributes
                0x00000000000007b1       0x1d c:/st/stm32cubeide_1.10.1/stm32cubeide/plugins/com.st.stm32cube.ide.mcu.externaltools.gnu-tools-for-stm32.10.3-2021.10.win32_1.0.200.202301161003/tools/bin/../lib/gcc/arm-none-eabi/10.3.1/thumb/v7-m/nofp/crtn.o
OUTPUT(test_stepdc.elf elf32-littlearm)
LOAD linker stubs
LOAD c:/st/stm32cubeide_1.10.1/stm32cubeide/plugins/com.st.stm32cube.ide.mcu.externaltools.gnu-tools-for-stm32.10.3-2021.10.win32_1.0.200.202301161003/tools/bin/../lib/gcc/arm-none-eabi/10.3.1/../../../../arm-none-eabi/lib/thumb/v7-m/nofp\libc.a
LOAD c:/st/stm32cubeide_1.10.1/stm32cubeide/plugins/com.st.stm32cube.ide.mcu.externaltools.gnu-tools-for-stm32.10.3-2021.10.win32_1.0.200.202301161003/tools/bin/../lib/gcc/arm-none-eabi/10.3.1/../../../../arm-none-eabi/lib/thumb/v7-m/nofp\libm.a
LOAD c:/st/stm32cubeide_1.10.1/stm32cubeide/plugins/com.st.stm32cube.ide.mcu.externaltools.gnu-tools-for-stm32.10.3-2021.10.win32_1.0.200.202301161003/tools/bin/../lib/gcc/arm-none-eabi/10.3.1/thumb/v7-m/nofp\libgcc.a

.debug_info     0x0000000000000000    0x10099
 .debug_info    0x0000000000000000      0x35c ./Core/Src/ESPDataLogger.o
 .debug_info    0x000000000000035c      0x9f8 ./Core/Src/UartRingbuffer.o
 .debug_info    0x0000000000000d54      0x782 ./Core/Src/i2c-lcd.o
 .debug_info    0x00000000000014d6     0x197d ./Core/Src/main.o
 .debug_info    0x0000000000002e53     0x1398 ./Core/Src/stm32f1xx_hal_msp.o
 .debug_info    0x00000000000041eb      0x620 ./Core/Src/stm32f1xx_it.o
 .debug_info    0x000000000000480b      0x171 ./Core/Src/sysmem.o
 .debug_info    0x000000000000497c      0x23d ./Core/Src/system_stm32f1xx.o
 .debug_info    0x0000000000004bb9       0x22 ./Core/Startup/startup_stm32f103c8tx.o
 .debug_info    0x0000000000004bdb      0x734 ./Drivers/STM32F1xx_HAL_Driver/Src/stm32f1xx_hal.o
 .debug_info    0x000000000000530f      0xcd9 ./Drivers/STM32F1xx_HAL_Driver/Src/stm32f1xx_hal_adc.o
 .debug_info    0x0000000000005fe8      0xb20 ./Drivers/STM32F1xx_HAL_Driver/Src/stm32f1xx_hal_cortex.o
 .debug_info    0x0000000000006b08      0x73f ./Drivers/STM32F1xx_HAL_Driver/Src/stm32f1xx_hal_dma.o
 .debug_info    0x0000000000007247      0x615 ./Drivers/STM32F1xx_HAL_Driver/Src/stm32f1xx_hal_gpio.o
 .debug_info    0x000000000000785c     0x2734 ./Drivers/STM32F1xx_HAL_Driver/Src/stm32f1xx_hal_i2c.o
 .debug_info    0x0000000000009f90      0x860 ./Drivers/STM32F1xx_HAL_Driver/Src/stm32f1xx_hal_rcc.o
 .debug_info    0x000000000000a7f0      0x3e0 ./Drivers/STM32F1xx_HAL_Driver/Src/stm32f1xx_hal_rcc_ex.o
 .debug_info    0x000000000000abd0     0x29de ./Drivers/STM32F1xx_HAL_Driver/Src/stm32f1xx_hal_tim.o
 .debug_info    0x000000000000d5ae     0x1513 ./Drivers/STM32F1xx_HAL_Driver/Src/stm32f1xx_hal_tim_ex.o
 .debug_info    0x000000000000eac1     0x15d8 ./Drivers/STM32F1xx_HAL_Driver/Src/stm32f1xx_hal_uart.o

.debug_abbrev   0x0000000000000000     0x271d
 .debug_abbrev  0x0000000000000000      0x14a ./Core/Src/ESPDataLogger.o
 .debug_abbrev  0x000000000000014a      0x29c ./Core/Src/UartRingbuffer.o
 .debug_abbrev  0x00000000000003e6      0x1de ./Core/Src/i2c-lcd.o
 .debug_abbrev  0x00000000000005c4      0x321 ./Core/Src/main.o
 .debug_abbrev  0x00000000000008e5      0x21f ./Core/Src/stm32f1xx_hal_msp.o
 .debug_abbrev  0x0000000000000b04      0x174 ./Core/Src/stm32f1xx_it.o
 .debug_abbrev  0x0000000000000c78       0xbb ./Core/Src/sysmem.o
 .debug_abbrev  0x0000000000000d33      0x13b ./Core/Src/system_stm32f1xx.o
 .debug_abbrev  0x0000000000000e6e       0x12 ./Core/Startup/startup_stm32f103c8tx.o
 .debug_abbrev  0x0000000000000e80      0x1fb ./Drivers/STM32F1xx_HAL_Driver/Src/stm32f1xx_hal.o
 .debug_abbrev  0x000000000000107b      0x210 ./Drivers/STM32F1xx_HAL_Driver/Src/stm32f1xx_hal_adc.o
 .debug_abbrev  0x000000000000128b      0x2ed ./Drivers/STM32F1xx_HAL_Driver/Src/stm32f1xx_hal_cortex.o
 .debug_abbrev  0x0000000000001578      0x1fe ./Drivers/STM32F1xx_HAL_Driver/Src/stm32f1xx_hal_dma.o
 .debug_abbrev  0x0000000000001776      0x1bb ./Drivers/STM32F1xx_HAL_Driver/Src/stm32f1xx_hal_gpio.o
 .debug_abbrev  0x0000000000001931      0x288 ./Drivers/STM32F1xx_HAL_Driver/Src/stm32f1xx_hal_i2c.o
 .debug_abbrev  0x0000000000001bb9      0x2a8 ./Drivers/STM32F1xx_HAL_Driver/Src/stm32f1xx_hal_rcc.o
 .debug_abbrev  0x0000000000001e61      0x182 ./Drivers/STM32F1xx_HAL_Driver/Src/stm32f1xx_hal_rcc_ex.o
 .debug_abbrev  0x0000000000001fe3      0x25d ./Drivers/STM32F1xx_HAL_Driver/Src/stm32f1xx_hal_tim.o
 .debug_abbrev  0x0000000000002240      0x265 ./Drivers/STM32F1xx_HAL_Driver/Src/stm32f1xx_hal_tim_ex.o
 .debug_abbrev  0x00000000000024a5      0x278 ./Drivers/STM32F1xx_HAL_Driver/Src/stm32f1xx_hal_uart.o

.debug_aranges  0x0000000000000000     0x1120
 .debug_aranges
                0x0000000000000000       0x38 ./Core/Src/ESPDataLogger.o
 .debug_aranges
                0x0000000000000038       0x88 ./Core/Src/UartRingbuffer.o
 .debug_aranges
                0x00000000000000c0       0x48 ./Core/Src/i2c-lcd.o
 .debug_aranges
                0x0000000000000108       0xa0 ./Core/Src/main.o
 .debug_aranges
                0x00000000000001a8       0x60 ./Core/Src/stm32f1xx_hal_msp.o
 .debug_aranges
                0x0000000000000208       0x68 ./Core/Src/stm32f1xx_it.o
 .debug_aranges
                0x0000000000000270       0x20 ./Core/Src/sysmem.o
 .debug_aranges
                0x0000000000000290       0x28 ./Core/Src/system_stm32f1xx.o
 .debug_aranges
                0x00000000000002b8       0x28 ./Core/Startup/startup_stm32f103c8tx.o
 .debug_aranges
                0x00000000000002e0       0xe0 ./Drivers/STM32F1xx_HAL_Driver/Src/stm32f1xx_hal.o
 .debug_aranges
                0x00000000000003c0       0xf0 ./Drivers/STM32F1xx_HAL_Driver/Src/stm32f1xx_hal_adc.o
 .debug_aranges
                0x00000000000004b0      0x100 ./Drivers/STM32F1xx_HAL_Driver/Src/stm32f1xx_hal_cortex.o
 .debug_aranges
                0x00000000000005b0       0x80 ./Drivers/STM32F1xx_HAL_Driver/Src/stm32f1xx_hal_dma.o
 .debug_aranges
                0x0000000000000630       0x58 ./Drivers/STM32F1xx_HAL_Driver/Src/stm32f1xx_hal_gpio.o
 .debug_aranges
                0x0000000000000688      0x2a0 ./Drivers/STM32F1xx_HAL_Driver/Src/stm32f1xx_hal_i2c.o
 .debug_aranges
                0x0000000000000928       0x90 ./Drivers/STM32F1xx_HAL_Driver/Src/stm32f1xx_hal_rcc.o
 .debug_aranges
                0x00000000000009b8       0x30 ./Drivers/STM32F1xx_HAL_Driver/Src/stm32f1xx_hal_rcc_ex.o
 .debug_aranges
                0x00000000000009e8      0x3d0 ./Drivers/STM32F1xx_HAL_Driver/Src/stm32f1xx_hal_tim.o
 .debug_aranges
                0x0000000000000db8      0x168 ./Drivers/STM32F1xx_HAL_Driver/Src/stm32f1xx_hal_tim_ex.o
 .debug_aranges
                0x0000000000000f20      0x200 ./Drivers/STM32F1xx_HAL_Driver/Src/stm32f1xx_hal_uart.o

.debug_ranges   0x0000000000000000     0x1040
 .debug_ranges  0x0000000000000000       0x28 ./Core/Src/ESPDataLogger.o
 .debug_ranges  0x0000000000000028       0x78 ./Core/Src/UartRingbuffer.o
 .debug_ranges  0x00000000000000a0       0x38 ./Core/Src/i2c-lcd.o
 .debug_ranges  0x00000000000000d8       0x90 ./Core/Src/main.o
 .debug_ranges  0x0000000000000168       0x50 ./Core/Src/stm32f1xx_hal_msp.o
 .debug_ranges  0x00000000000001b8       0x58 ./Core/Src/stm32f1xx_it.o
 .debug_ranges  0x0000000000000210       0x10 ./Core/Src/sysmem.o
 .debug_ranges  0x0000000000000220       0x18 ./Core/Src/system_stm32f1xx.o
 .debug_ranges  0x0000000000000238       0x20 ./Core/Startup/startup_stm32f103c8tx.o
 .debug_ranges  0x0000000000000258       0xd0 ./Drivers/STM32F1xx_HAL_Driver/Src/stm32f1xx_hal.o
 .debug_ranges  0x0000000000000328       0xe0 ./Drivers/STM32F1xx_HAL_Driver/Src/stm32f1xx_hal_adc.o
 .debug_ranges  0x0000000000000408       0xf0 ./Drivers/STM32F1xx_HAL_Driver/Src/stm32f1xx_hal_cortex.o
 .debug_ranges  0x00000000000004f8       0x70 ./Drivers/STM32F1xx_HAL_Driver/Src/stm32f1xx_hal_dma.o
 .debug_ranges  0x0000000000000568       0x48 ./Drivers/STM32F1xx_HAL_Driver/Src/stm32f1xx_hal_gpio.o
 .debug_ranges  0x00000000000005b0      0x2b8 ./Drivers/STM32F1xx_HAL_Driver/Src/stm32f1xx_hal_i2c.o
 .debug_ranges  0x0000000000000868       0x80 ./Drivers/STM32F1xx_HAL_Driver/Src/stm32f1xx_hal_rcc.o
 .debug_ranges  0x00000000000008e8       0x20 ./Drivers/STM32F1xx_HAL_Driver/Src/stm32f1xx_hal_rcc_ex.o
 .debug_ranges  0x0000000000000908      0x3c0 ./Drivers/STM32F1xx_HAL_Driver/Src/stm32f1xx_hal_tim.o
 .debug_ranges  0x0000000000000cc8      0x158 ./Drivers/STM32F1xx_HAL_Driver/Src/stm32f1xx_hal_tim_ex.o
 .debug_ranges  0x0000000000000e20      0x220 ./Drivers/STM32F1xx_HAL_Driver/Src/stm32f1xx_hal_uart.o

.debug_macro    0x0000000000000000    0x195ba
 .debug_macro   0x0000000000000000      0x36a ./Core/Src/ESPDataLogger.o
 .debug_macro   0x000000000000036a      0xa6c ./Core/Src/ESPDataLogger.o
 .debug_macro   0x0000000000000dd6      0x227 ./Core/Src/ESPDataLogger.o
 .debug_macro   0x0000000000000ffd       0x2e ./Core/Src/ESPDataLogger.o
 .debug_macro   0x000000000000102b       0x22 ./Core/Src/ESPDataLogger.o
 .debug_macro   0x000000000000104d       0x22 ./Core/Src/ESPDataLogger.o
 .debug_macro   0x000000000000106f       0x8e ./Core/Src/ESPDataLogger.o
 .debug_macro   0x00000000000010fd       0x51 ./Core/Src/ESPDataLogger.o
 .debug_macro   0x000000000000114e      0x103 ./Core/Src/ESPDataLogger.o
 .debug_macro   0x0000000000001251       0x6a ./Core/Src/ESPDataLogger.o
 .debug_macro   0x00000000000012bb      0x1df ./Core/Src/ESPDataLogger.o
 .debug_macro   0x000000000000149a       0x1c ./Core/Src/ESPDataLogger.o
 .debug_macro   0x00000000000014b6       0x22 ./Core/Src/ESPDataLogger.o
 .debug_macro   0x00000000000014d8       0xbd ./Core/Src/ESPDataLogger.o
 .debug_macro   0x0000000000001595      0xd23 ./Core/Src/ESPDataLogger.o
 .debug_macro   0x00000000000022b8     0xe09e ./Core/Src/ESPDataLogger.o
 .debug_macro   0x0000000000010356       0x6d ./Core/Src/ESPDataLogger.o
 .debug_macro   0x00000000000103c3     0x3468 ./Core/Src/ESPDataLogger.o
 .debug_macro   0x000000000001382b      0x174 ./Core/Src/ESPDataLogger.o
 .debug_macro   0x000000000001399f       0x5c ./Core/Src/ESPDataLogger.o
 .debug_macro   0x00000000000139fb      0x5be ./Core/Src/ESPDataLogger.o
 .debug_macro   0x0000000000013fb9      0x289 ./Core/Src/ESPDataLogger.o
 .debug_macro   0x0000000000014242      0x1cb ./Core/Src/ESPDataLogger.o
 .debug_macro   0x000000000001440d      0x114 ./Core/Src/ESPDataLogger.o
 .debug_macro   0x0000000000014521      0x1b2 ./Core/Src/ESPDataLogger.o
 .debug_macro   0x00000000000146d3       0x27 ./Core/Src/ESPDataLogger.o
 .debug_macro   0x00000000000146fa      0x136 ./Core/Src/ESPDataLogger.o
 .debug_macro   0x0000000000014830      0x1bc ./Core/Src/ESPDataLogger.o
 .debug_macro   0x00000000000149ec       0x34 ./Core/Src/ESPDataLogger.o
 .debug_macro   0x0000000000014a20       0x3c ./Core/Src/ESPDataLogger.o
 .debug_macro   0x0000000000014a5c       0x57 ./Core/Src/ESPDataLogger.o
 .debug_macro   0x0000000000014ab3      0x46a ./Core/Src/ESPDataLogger.o
 .debug_macro   0x0000000000014f1d      0x1b5 ./Core/Src/ESPDataLogger.o
 .debug_macro   0x00000000000150d2       0x88 ./Core/Src/ESPDataLogger.o
 .debug_macro   0x000000000001515a      0x241 ./Core/Src/ESPDataLogger.o
 .debug_macro   0x000000000001539b      0x287 ./Core/Src/ESPDataLogger.o
 .debug_macro   0x0000000000015622      0x141 ./Core/Src/ESPDataLogger.o
 .debug_macro   0x0000000000015763      0x8d1 ./Core/Src/ESPDataLogger.o
 .debug_macro   0x0000000000016034      0x279 ./Core/Src/ESPDataLogger.o
 .debug_macro   0x00000000000162ad       0x83 ./Core/Src/ESPDataLogger.o
 .debug_macro   0x0000000000016330       0x52 ./Core/Src/ESPDataLogger.o
 .debug_macro   0x0000000000016382       0x18 ./Core/Src/ESPDataLogger.o
 .debug_macro   0x000000000001639a       0x3c ./Core/Src/ESPDataLogger.o
 .debug_macro   0x00000000000163d6       0x34 ./Core/Src/ESPDataLogger.o
 .debug_macro   0x000000000001640a       0x16 ./Core/Src/ESPDataLogger.o
 .debug_macro   0x0000000000016420       0x35 ./Core/Src/ESPDataLogger.o
 .debug_macro   0x0000000000016455      0x341 ./Core/Src/ESPDataLogger.o
 .debug_macro   0x0000000000016796       0x10 ./Core/Src/ESPDataLogger.o
 .debug_macro   0x00000000000167a6       0x16 ./Core/Src/ESPDataLogger.o
 .debug_macro   0x00000000000167bc       0x43 ./Core/Src/ESPDataLogger.o
 .debug_macro   0x00000000000167ff       0x34 ./Core/Src/ESPDataLogger.o
 .debug_macro   0x0000000000016833       0x10 ./Core/Src/ESPDataLogger.o
 .debug_macro   0x0000000000016843       0x58 ./Core/Src/ESPDataLogger.o
 .debug_macro   0x000000000001689b       0x71 ./Core/Src/ESPDataLogger.o
 .debug_macro   0x000000000001690c       0x1c ./Core/Src/ESPDataLogger.o
 .debug_macro   0x0000000000016928      0x12a ./Core/Src/ESPDataLogger.o
 .debug_macro   0x0000000000016a52       0x10 ./Core/Src/ESPDataLogger.o
 .debug_macro   0x0000000000016a62       0x1c ./Core/Src/ESPDataLogger.o
 .debug_macro   0x0000000000016a7e       0x52 ./Core/Src/ESPDataLogger.o
 .debug_macro   0x0000000000016ad0       0x22 ./Core/Src/ESPDataLogger.o
 .debug_macro   0x0000000000016af2       0x10 ./Core/Src/ESPDataLogger.o
 .debug_macro   0x0000000000016b02       0x52 ./Core/Src/ESPDataLogger.o
 .debug_macro   0x0000000000016b54       0xd5 ./Core/Src/ESPDataLogger.o
 .debug_macro   0x0000000000016c29       0x1c ./Core/Src/ESPDataLogger.o
 .debug_macro   0x0000000000016c45       0x3d ./Core/Src/ESPDataLogger.o
 .debug_macro   0x0000000000016c82       0x16 ./Core/Src/ESPDataLogger.o
 .debug_macro   0x0000000000016c98      0x145 ./Core/Src/ESPDataLogger.o
 .debug_macro   0x0000000000016ddd       0x16 ./Core/Src/ESPDataLogger.o
 .debug_macro   0x0000000000016df3       0x20 ./Core/Src/ESPDataLogger.o
 .debug_macro   0x0000000000016e13      0x2a5 ./Core/Src/UartRingbuffer.o
 .debug_macro   0x00000000000170b8       0x10 ./Core/Src/UartRingbuffer.o
 .debug_macro   0x00000000000170c8      0x1cb ./Core/Src/i2c-lcd.o
 .debug_macro   0x0000000000017293      0x428 ./Core/Src/main.o
 .debug_macro   0x00000000000176bb      0x19b ./Core/Src/main.o
 .debug_macro   0x0000000000017856       0x16 ./Core/Src/main.o
 .debug_macro   0x000000000001786c       0x16 ./Core/Src/main.o
 .debug_macro   0x0000000000017882       0x29 ./Core/Src/main.o
 .debug_macro   0x00000000000178ab       0x22 ./Core/Src/main.o
 .debug_macro   0x00000000000178cd      0x1cb ./Core/Src/stm32f1xx_hal_msp.o
 .debug_macro   0x0000000000017a98      0x1d5 ./Core/Src/stm32f1xx_it.o
 .debug_macro   0x0000000000017c6d       0xff ./Core/Src/sysmem.o
 .debug_macro   0x0000000000017d6c      0x23b ./Core/Src/sysmem.o
 .debug_macro   0x0000000000017fa7      0x1c1 ./Core/Src/system_stm32f1xx.o
 .debug_macro   0x0000000000018168      0x1e5 ./Drivers/STM32F1xx_HAL_Driver/Src/stm32f1xx_hal.o
 .debug_macro   0x000000000001834d      0x1de ./Drivers/STM32F1xx_HAL_Driver/Src/stm32f1xx_hal_adc.o
 .debug_macro   0x000000000001852b      0x1c1 ./Drivers/STM32F1xx_HAL_Driver/Src/stm32f1xx_hal_cortex.o
 .debug_macro   0x00000000000186ec      0x1c1 ./Drivers/STM32F1xx_HAL_Driver/Src/stm32f1xx_hal_dma.o
 .debug_macro   0x00000000000188ad      0x22c ./Drivers/STM32F1xx_HAL_Driver/Src/stm32f1xx_hal_gpio.o
 .debug_macro   0x0000000000018ad9      0x208 ./Drivers/STM32F1xx_HAL_Driver/Src/stm32f1xx_hal_i2c.o
 .debug_macro   0x0000000000018ce1      0x1d3 ./Drivers/STM32F1xx_HAL_Driver/Src/stm32f1xx_hal_rcc.o
 .debug_macro   0x0000000000018eb4      0x1c1 ./Drivers/STM32F1xx_HAL_Driver/Src/stm32f1xx_hal_rcc_ex.o
 .debug_macro   0x0000000000019075      0x1c2 ./Drivers/STM32F1xx_HAL_Driver/Src/stm32f1xx_hal_tim.o
 .debug_macro   0x0000000000019237      0x1c1 ./Drivers/STM32F1xx_HAL_Driver/Src/stm32f1xx_hal_tim_ex.o
 .debug_macro   0x00000000000193f8      0x1c2 ./Drivers/STM32F1xx_HAL_Driver/Src/stm32f1xx_hal_uart.o

.debug_line     0x0000000000000000    0x13b6f
 .debug_line    0x0000000000000000      0x9fc ./Core/Src/ESPDataLogger.o
 .debug_line    0x00000000000009fc      0xcb1 ./Core/Src/UartRingbuffer.o
 .debug_line    0x00000000000016ad      0x7a3 ./Core/Src/i2c-lcd.o
 .debug_line    0x0000000000001e50      0xde0 ./Core/Src/main.o
 .debug_line    0x0000000000002c30      0x7eb ./Core/Src/stm32f1xx_hal_msp.o
 .debug_line    0x000000000000341b      0x79f ./Core/Src/stm32f1xx_it.o
 .debug_line    0x0000000000003bba      0x4f4 ./Core/Src/sysmem.o
 .debug_line    0x00000000000040ae      0x740 ./Core/Src/system_stm32f1xx.o
 .debug_line    0x00000000000047ee       0x87 ./Core/Startup/startup_stm32f103c8tx.o
 .debug_line    0x0000000000004875      0x96d ./Drivers/STM32F1xx_HAL_Driver/Src/stm32f1xx_hal.o
 .debug_line    0x00000000000051e2      0xfe4 ./Drivers/STM32F1xx_HAL_Driver/Src/stm32f1xx_hal_adc.o
 .debug_line    0x00000000000061c6      0xb55 ./Drivers/STM32F1xx_HAL_Driver/Src/stm32f1xx_hal_cortex.o
 .debug_line    0x0000000000006d1b      0xdc5 ./Drivers/STM32F1xx_HAL_Driver/Src/stm32f1xx_hal_dma.o
 .debug_line    0x0000000000007ae0      0xa04 ./Drivers/STM32F1xx_HAL_Driver/Src/stm32f1xx_hal_gpio.o
 .debug_line    0x00000000000084e4     0x3a57 ./Drivers/STM32F1xx_HAL_Driver/Src/stm32f1xx_hal_i2c.o
 .debug_line    0x000000000000bf3b      0xd7b ./Drivers/STM32F1xx_HAL_Driver/Src/stm32f1xx_hal_rcc.o
 .debug_line    0x000000000000ccb6      0x8b9 ./Drivers/STM32F1xx_HAL_Driver/Src/stm32f1xx_hal_rcc_ex.o
 .debug_line    0x000000000000d56f     0x3323 ./Drivers/STM32F1xx_HAL_Driver/Src/stm32f1xx_hal_tim.o
 .debug_line    0x0000000000010892     0x1895 ./Drivers/STM32F1xx_HAL_Driver/Src/stm32f1xx_hal_tim_ex.o
 .debug_line    0x0000000000012127     0x1a48 ./Drivers/STM32F1xx_HAL_Driver/Src/stm32f1xx_hal_uart.o

.debug_str      0x0000000000000000    0x92a70
 .debug_str     0x0000000000000000    0x8d098 ./Core/Src/ESPDataLogger.o
                                      0x8d3f4 (size before relaxing)
 .debug_str     0x000000000008d098      0x4b4 ./Core/Src/UartRingbuffer.o
                                      0x8c8be (size before relaxing)
 .debug_str     0x000000000008d54c      0x308 ./Core/Src/i2c-lcd.o
                                      0x89a5b (size before relaxing)
 .debug_str     0x000000000008d854     0x13d3 ./Core/Src/main.o
                                      0x8ee36 (size before relaxing)
 .debug_str     0x000000000008ec27      0x3bc ./Core/Src/stm32f1xx_hal_msp.o
                                      0x8a40f (size before relaxing)
 .debug_str     0x000000000008efe3       0xef ./Core/Src/stm32f1xx_it.o
                                      0x899c9 (size before relaxing)
 .debug_str     0x000000000008f0d2      0x4da ./Core/Src/sysmem.o
                                       0x5d6d (size before relaxing)
 .debug_str     0x000000000008f5ac       0x7e ./Core/Src/system_stm32f1xx.o
                                      0x895c3 (size before relaxing)
 .debug_str     0x000000000008f62a       0x36 ./Core/Startup/startup_stm32f103c8tx.o
                                         0x6f (size before relaxing)
 .debug_str     0x000000000008f660      0x378 ./Drivers/STM32F1xx_HAL_Driver/Src/stm32f1xx_hal.o
                                      0x89cf6 (size before relaxing)
 .debug_str     0x000000000008f9d8      0x34b ./Drivers/STM32F1xx_HAL_Driver/Src/stm32f1xx_hal_adc.o
                                      0x89ca0 (size before relaxing)
 .debug_str     0x000000000008fd23      0x294 ./Drivers/STM32F1xx_HAL_Driver/Src/stm32f1xx_hal_cortex.o
                                      0x89c42 (size before relaxing)
 .debug_str     0x000000000008ffb7      0x216 ./Drivers/STM32F1xx_HAL_Driver/Src/stm32f1xx_hal_dma.o
                                      0x8996c (size before relaxing)
 .debug_str     0x00000000000901cd      0x2d2 ./Drivers/STM32F1xx_HAL_Driver/Src/stm32f1xx_hal_gpio.o
                                      0x89949 (size before relaxing)
 .debug_str     0x000000000009049f      0xb37 ./Drivers/STM32F1xx_HAL_Driver/Src/stm32f1xx_hal_i2c.o
                                      0x8a637 (size before relaxing)
 .debug_str     0x0000000000090fd6      0x209 ./Drivers/STM32F1xx_HAL_Driver/Src/stm32f1xx_hal_rcc.o
                                      0x899f2 (size before relaxing)
 .debug_str     0x00000000000911df       0x84 ./Drivers/STM32F1xx_HAL_Driver/Src/stm32f1xx_hal_rcc_ex.o
                                      0x89742 (size before relaxing)
 .debug_str     0x0000000000091263      0xdce ./Drivers/STM32F1xx_HAL_Driver/Src/stm32f1xx_hal_tim.o
                                      0x8a9dd (size before relaxing)
 .debug_str     0x0000000000092031      0x493 ./Drivers/STM32F1xx_HAL_Driver/Src/stm32f1xx_hal_tim_ex.o
                                      0x8a1f9 (size before relaxing)
 .debug_str     0x00000000000924c4      0x5ac ./Drivers/STM32F1xx_HAL_Driver/Src/stm32f1xx_hal_uart.o
                                      0x89ffd (size before relaxing)

.comment        0x0000000000000000       0x50
 .comment       0x0000000000000000       0x50 ./Core/Src/ESPDataLogger.o
                                         0x51 (size before relaxing)
 .comment       0x0000000000000050       0x51 ./Core/Src/UartRingbuffer.o
 .comment       0x0000000000000050       0x51 ./Core/Src/i2c-lcd.o
 .comment       0x0000000000000050       0x51 ./Core/Src/main.o
 .comment       0x0000000000000050       0x51 ./Core/Src/stm32f1xx_hal_msp.o
 .comment       0x0000000000000050       0x51 ./Core/Src/stm32f1xx_it.o
 .comment       0x0000000000000050       0x51 ./Core/Src/sysmem.o
 .comment       0x0000000000000050       0x51 ./Core/Src/system_stm32f1xx.o
 .comment       0x0000000000000050       0x51 ./Drivers/STM32F1xx_HAL_Driver/Src/stm32f1xx_hal.o
 .comment       0x0000000000000050       0x51 ./Drivers/STM32F1xx_HAL_Driver/Src/stm32f1xx_hal_adc.o
 .comment       0x0000000000000050       0x51 ./Drivers/STM32F1xx_HAL_Driver/Src/stm32f1xx_hal_cortex.o
 .comment       0x0000000000000050       0x51 ./Drivers/STM32F1xx_HAL_Driver/Src/stm32f1xx_hal_dma.o
 .comment       0x0000000000000050       0x51 ./Drivers/STM32F1xx_HAL_Driver/Src/stm32f1xx_hal_gpio.o
 .comment       0x0000000000000050       0x51 ./Drivers/STM32F1xx_HAL_Driver/Src/stm32f1xx_hal_i2c.o
 .comment       0x0000000000000050       0x51 ./Drivers/STM32F1xx_HAL_Driver/Src/stm32f1xx_hal_rcc.o
 .comment       0x0000000000000050       0x51 ./Drivers/STM32F1xx_HAL_Driver/Src/stm32f1xx_hal_rcc_ex.o
 .comment       0x0000000000000050       0x51 ./Drivers/STM32F1xx_HAL_Driver/Src/stm32f1xx_hal_tim.o
 .comment       0x0000000000000050       0x51 ./Drivers/STM32F1xx_HAL_Driver/Src/stm32f1xx_hal_tim_ex.o
 .comment       0x0000000000000050       0x51 ./Drivers/STM32F1xx_HAL_Driver/Src/stm32f1xx_hal_uart.o

.debug_frame    0x0000000000000000     0x4dfc
 .debug_frame   0x0000000000000000       0xa8 ./Core/Src/ESPDataLogger.o
 .debug_frame   0x00000000000000a8      0x204 ./Core/Src/UartRingbuffer.o
 .debug_frame   0x00000000000002ac       0xe0 ./Core/Src/i2c-lcd.o
 .debug_frame   0x000000000000038c      0x258 ./Core/Src/main.o
 .debug_frame   0x00000000000005e4      0x160 ./Core/Src/stm32f1xx_hal_msp.o
 .debug_frame   0x0000000000000744      0x120 ./Core/Src/stm32f1xx_it.o
 .debug_frame   0x0000000000000864       0x34 ./Core/Src/sysmem.o
 .debug_frame   0x0000000000000898       0x58 ./Core/Src/system_stm32f1xx.o
 .debug_frame   0x00000000000008f0      0x334 ./Drivers/STM32F1xx_HAL_Driver/Src/stm32f1xx_hal.o
 .debug_frame   0x0000000000000c24      0x40c ./Drivers/STM32F1xx_HAL_Driver/Src/stm32f1xx_hal_adc.o
 .debug_frame   0x0000000000001030      0x428 ./Drivers/STM32F1xx_HAL_Driver/Src/stm32f1xx_hal_cortex.o
 .debug_frame   0x0000000000001458      0x208 ./Drivers/STM32F1xx_HAL_Driver/Src/stm32f1xx_hal_dma.o
 .debug_frame   0x0000000000001660      0x14c ./Drivers/STM32F1xx_HAL_Driver/Src/stm32f1xx_hal_gpio.o
 .debug_frame   0x00000000000017ac      0xc5c ./Drivers/STM32F1xx_HAL_Driver/Src/stm32f1xx_hal_i2c.o
 .debug_frame   0x0000000000002408      0x21c ./Drivers/STM32F1xx_HAL_Driver/Src/stm32f1xx_hal_rcc.o
 .debug_frame   0x0000000000002624       0x84 ./Drivers/STM32F1xx_HAL_Driver/Src/stm32f1xx_hal_rcc_ex.o
 .debug_frame   0x00000000000026a8     0x11b8 ./Drivers/STM32F1xx_HAL_Driver/Src/stm32f1xx_hal_tim.o
 .debug_frame   0x0000000000003860      0x638 ./Drivers/STM32F1xx_HAL_Driver/Src/stm32f1xx_hal_tim_ex.o
 .debug_frame   0x0000000000003e98      0x914 ./Drivers/STM32F1xx_HAL_Driver/Src/stm32f1xx_hal_uart.o
 .debug_frame   0x00000000000047ac       0x20 c:/st/stm32cubeide_1.10.1/stm32cubeide/plugins/com.st.stm32cube.ide.mcu.externaltools.gnu-tools-for-stm32.10.3-2021.10.win32_1.0.200.202301161003/tools/bin/../lib/gcc/arm-none-eabi/10.3.1/../../../../arm-none-eabi/lib/thumb/v7-m/nofp\libc_nano.a(lib_a-errno.o)
 .debug_frame   0x00000000000047cc       0x2c c:/st/stm32cubeide_1.10.1/stm32cubeide/plugins/com.st.stm32cube.ide.mcu.externaltools.gnu-tools-for-stm32.10.3-2021.10.win32_1.0.200.202301161003/tools/bin/../lib/gcc/arm-none-eabi/10.3.1/../../../../arm-none-eabi/lib/thumb/v7-m/nofp\libc_nano.a(lib_a-init.o)
 .debug_frame   0x00000000000047f8       0x20 c:/st/stm32cubeide_1.10.1/stm32cubeide/plugins/com.st.stm32cube.ide.mcu.externaltools.gnu-tools-for-stm32.10.3-2021.10.win32_1.0.200.202301161003/tools/bin/../lib/gcc/arm-none-eabi/10.3.1/../../../../arm-none-eabi/lib/thumb/v7-m/nofp\libc_nano.a(lib_a-memset.o)
 .debug_frame   0x0000000000004818       0x6c c:/st/stm32cubeide_1.10.1/stm32cubeide/plugins/com.st.stm32cube.ide.mcu.externaltools.gnu-tools-for-stm32.10.3-2021.10.win32_1.0.200.202301161003/tools/bin/../lib/gcc/arm-none-eabi/10.3.1/../../../../arm-none-eabi/lib/thumb/v7-m/nofp\libc_nano.a(lib_a-sprintf.o)
 .debug_frame   0x0000000000004884       0x90 c:/st/stm32cubeide_1.10.1/stm32cubeide/plugins/com.st.stm32cube.ide.mcu.externaltools.gnu-tools-for-stm32.10.3-2021.10.win32_1.0.200.202301161003/tools/bin/../lib/gcc/arm-none-eabi/10.3.1/../../../../arm-none-eabi/lib/thumb/v7-m/nofp\libc_nano.a(lib_a-nano-svfprintf.o)
 .debug_frame   0x0000000000004914       0x60 c:/st/stm32cubeide_1.10.1/stm32cubeide/plugins/com.st.stm32cube.ide.mcu.externaltools.gnu-tools-for-stm32.10.3-2021.10.win32_1.0.200.202301161003/tools/bin/../lib/gcc/arm-none-eabi/10.3.1/../../../../arm-none-eabi/lib/thumb/v7-m/nofp\libc_nano.a(lib_a-nano-vfprintf_i.o)
 .debug_frame   0x0000000000004974       0x28 c:/st/stm32cubeide_1.10.1/stm32cubeide/plugins/com.st.stm32cube.ide.mcu.externaltools.gnu-tools-for-stm32.10.3-2021.10.win32_1.0.200.202301161003/tools/bin/../lib/gcc/arm-none-eabi/10.3.1/../../../../arm-none-eabi/lib/thumb/v7-m/nofp\libc_nano.a(lib_a-memchr-stub.o)
 .debug_frame   0x000000000000499c       0x28 c:/st/stm32cubeide_1.10.1/stm32cubeide/plugins/com.st.stm32cube.ide.mcu.externaltools.gnu-tools-for-stm32.10.3-2021.10.win32_1.0.200.202301161003/tools/bin/../lib/gcc/arm-none-eabi/10.3.1/../../../../arm-none-eabi/lib/thumb/v7-m/nofp\libc_nano.a(lib_a-memcpy-stub.o)
 .debug_frame   0x00000000000049c4       0x28 c:/st/stm32cubeide_1.10.1/stm32cubeide/plugins/com.st.stm32cube.ide.mcu.externaltools.gnu-tools-for-stm32.10.3-2021.10.win32_1.0.200.202301161003/tools/bin/../lib/gcc/arm-none-eabi/10.3.1/../../../../arm-none-eabi/lib/thumb/v7-m/nofp\libc_nano.a(lib_a-memmove.o)
 .debug_frame   0x00000000000049ec       0x38 c:/st/stm32cubeide_1.10.1/stm32cubeide/plugins/com.st.stm32cube.ide.mcu.externaltools.gnu-tools-for-stm32.10.3-2021.10.win32_1.0.200.202301161003/tools/bin/../lib/gcc/arm-none-eabi/10.3.1/../../../../arm-none-eabi/lib/thumb/v7-m/nofp\libc_nano.a(lib_a-nano-freer.o)
 .debug_frame   0x0000000000004a24       0x4c c:/st/stm32cubeide_1.10.1/stm32cubeide/plugins/com.st.stm32cube.ide.mcu.externaltools.gnu-tools-for-stm32.10.3-2021.10.win32_1.0.200.202301161003/tools/bin/../lib/gcc/arm-none-eabi/10.3.1/../../../../arm-none-eabi/lib/thumb/v7-m/nofp\libc_nano.a(lib_a-nano-mallocr.o)
 .debug_frame   0x0000000000004a70       0x3c c:/st/stm32cubeide_1.10.1/stm32cubeide/plugins/com.st.stm32cube.ide.mcu.externaltools.gnu-tools-for-stm32.10.3-2021.10.win32_1.0.200.202301161003/tools/bin/../lib/gcc/arm-none-eabi/10.3.1/../../../../arm-none-eabi/lib/thumb/v7-m/nofp\libc_nano.a(lib_a-nano-reallocr.o)
 .debug_frame   0x0000000000004aac       0x2c c:/st/stm32cubeide_1.10.1/stm32cubeide/plugins/com.st.stm32cube.ide.mcu.externaltools.gnu-tools-for-stm32.10.3-2021.10.win32_1.0.200.202301161003/tools/bin/../lib/gcc/arm-none-eabi/10.3.1/../../../../arm-none-eabi/lib/thumb/v7-m/nofp\libc_nano.a(lib_a-sbrkr.o)
 .debug_frame   0x0000000000004ad8       0x30 c:/st/stm32cubeide_1.10.1/stm32cubeide/plugins/com.st.stm32cube.ide.mcu.externaltools.gnu-tools-for-stm32.10.3-2021.10.win32_1.0.200.202301161003/tools/bin/../lib/gcc/arm-none-eabi/10.3.1/../../../../arm-none-eabi/lib/thumb/v7-m/nofp\libc_nano.a(lib_a-mlock.o)